2026-02-05 10:00:00 [INFO] queue: Message 0 (286ms)
2026-02-05 10:00:05 [INFO] worker: Message 1 (398ms)
2026-02-05 10:00:10 [INFO] cache: Message 2 (324ms)
2026-02-05 10:00:15 [INFO] db: Message 3 (280ms)
2026-02-05 10:00:20 [INFO] queue: Message 4 (154ms)
2026-02-05 10:00:25 [INFO] db: Message 5 (288ms)
2026-02-05 10:00:30 [INFO] cache: Message 6 (428ms)
2026-02-05 10:00:35 [INFO] db: Message 7 (226ms)
2026-02-05 10:00:40 [INFO] worker: Message 8 (300ms)
2026-02-05 10:00:45 [INFO] api: Message 9 (357ms)
2026-02-05 10:00:50 [WARN] cache: Message 10 (209ms)
2026-02-05 10:00:55 [INFO] db: Message 11 (200ms)
2026-02-05 10:01:00 [INFO] worker: Message 12 (482ms)
2026-02-05 10:01:05 [INFO] db: Message 13 (96ms)
2026-02-05 10:01:10 [WARN] queue: Message 14 (331ms)
2026-02-05 10:01:15 [WARN] cache: Message 15 (200ms)
2026-02-05 10:01:20 [INFO] api: Message 16 (317ms)
2026-02-05 10:01:25 [INFO] worker: Message 17 (233ms)
2026-02-05 10:01:30 [INFO] worker: Message 18 (471ms)
2026-02-05 10:01:35 [ERROR] db: Message 19 (347ms)
2026-02-05 10:01:40 [WARN] api: Message 20 (190ms)
2026-02-05 10:01:45 [INFO] cache: Message 21 (105ms)
2026-02-05 10:01:50 [INFO] worker: Message 22 (57ms)
2026-02-05 10:01:55 [INFO] db: Message 23 (247ms)
2026-02-05 10:02:00 [INFO] worker: Message 24 (134ms)
2026-02-05 10:02:05 [INFO] api: Message 25 (142ms)
2026-02-05 10:02:10 [INFO] api: Message 26 (207ms)
2026-02-05 10:02:15 [INFO] worker: Message 27 (296ms)
2026-02-05 10:02:20 [INFO] cache: Message 28 (196ms)
2026-02-05 10:02:25 [INFO] queue: Message 29 (169ms)
2026-02-05 10:02:30 [ERROR] api: Message 30 (471ms)
2026-02-05 10:02:35 [ERROR] worker: Message 31 (133ms)
2026-02-05 10:02:40 [INFO] api: Message 32 (418ms)
2026-02-05 10:02:45 [INFO] cache: Message 33 (335ms)
2026-02-05 10:02:50 [INFO] api: Message 34 (282ms)
2026-02-05 10:02:55 [INFO] cache: Message 35 (323ms)
2026-02-05 10:03:00 [INFO] db: Message 36 (348ms)
2026-02-05 10:03:05 [INFO] db: Message 37 (132ms)
2026-02-05 10:03:10 [INFO] worker: Message 38 (101ms)
2026-02-05 10:03:15 [INFO] worker: Message 39 (67ms)
2026-02-05 10:03:20 [INFO] api: Message 40 (126ms)
2026-02-05 10:03:25 [ERROR] worker: Message 41 (143ms)
2026-02-05 10:03:30 [WARN] queue: Message 42 (203ms)
2026-02-05 10:03:35 [INFO] queue: Message 43 (335ms)
2026-02-05 10:03:40 [INFO] db: Message 44 (129ms)
2026-02-05 10:03:45 [WARN] worker: Message 45 (457ms)
2026-02-05 10:03:50 [INFO] queue: Message 46 (290ms)
2026-02-05 10:03:55 [INFO] queue: Message 47 (487ms)
2026-02-05 10:04:00 [INFO] cache: Message 48 (160ms)
2026-02-05 10:04:05 [WARN] db: Message 49 (293ms)
2026-02-05 10:04:10 [INFO] worker: Message 50 (470ms)
2026-02-05 10:04:15 [INFO] api: Message 51 (72ms)
2026-02-05 10:04:20 [WARN] api: Message 52 (247ms)
2026-02-05 10:04:25 [INFO] cache: Message 53 (407ms)
2026-02-05 10:04:30 [INFO] queue: Message 54 (193ms)
2026-02-05 10:04:35 [INFO] worker: Message 55 (91ms)
2026-02-05 10:04:40 [INFO] worker: Message 56 (364ms)
2026-02-05 10:04:45 [INFO] api: Message 57 (444ms)
2026-02-05 10:04:50 [INFO] db: Message 58 (196ms)
2026-02-05 10:04:55 [INFO] queue: Message 59 (276ms)
2026-02-05 10:05:00 [INFO] cache: Message 60 (490ms)
2026-02-05 10:05:05 [INFO] queue: Message 61 (361ms)
2026-02-05 10:05:10 [WARN] cache: Message 62 (351ms)
2026-02-05 10:05:15 [INFO] worker: Message 63 (411ms)
2026-02-05 10:05:20 [INFO] queue: Message 64 (290ms)
2026-02-05 10:05:25 [ERROR] worker: Message 65 (96ms)
2026-02-05 10:05:30 [INFO] api: Message 66 (178ms)
2026-02-05 10:05:35 [INFO] queue: Message 67 (500ms)
2026-02-05 10:05:40 [INFO] worker: Message 68 (234ms)
2026-02-05 10:05:45 [INFO] cache: Message 69 (460ms)
2026-02-05 10:05:50 [INFO] queue: Message 70 (448ms)
2026-02-05 10:05:55 [INFO] api: Message 71 (377ms)
2026-02-05 10:06:00 [INFO] queue: Message 72 (75ms)
2026-02-05 10:06:05 [INFO] api: Message 73 (465ms)
2026-02-05 10:06:10 [INFO] cache: Message 74 (281ms)
2026-02-05 10:06:15 [WARN] cache: Message 75 (284ms)
2026-02-05 10:06:20 [INFO] worker: Message 76 (379ms)
2026-02-05 10:06:25 [INFO] queue: Message 77 (466ms)
2026-02-05 10:06:30 [INFO] queue: Message 78 (420ms)
2026-02-05 10:06:35 [WARN] worker: Message 79 (291ms)
2026-02-05 10:06:40 [INFO] cache: Message 80 (265ms)
2026-02-05 10:06:45 [ERROR] queue: Message 81 (58ms)
2026-02-05 10:06:50 [INFO] cache: Message 82 (288ms)
2026-02-05 10:06:55 [WARN] db: Message 83 (100ms)
2026-02-05 10:07:00 [INFO] api: Message 84 (392ms)
2026-02-05 10:07:05 [INFO] queue: Message 85 (170ms)
2026-02-05 10:07:10 [INFO] cache: Message 86 (62ms)
2026-02-05 10:07:15 [WARN] cache: Message 87 (120ms)
2026-02-05 10:07:20 [INFO] db: Message 88 (433ms)
2026-02-05 10:07:25 [ERROR] db: Message 89 (243ms)
2026-02-05 10:07:30 [INFO] queue: Message 90 (162ms)
2026-02-05 10:07:35 [INFO] db: Message 91 (233ms)
2026-02-05 10:07:40 [INFO] queue: Message 92 (404ms)
2026-02-05 10:07:45 [INFO] worker: Message 93 (290ms)
2026-02-05 10:07:50 [INFO] worker: Message 94 (468ms)
2026-02-05 10:07:55 [INFO] queue: Message 95 (344ms)
2026-02-05 10:08:00 [WARN] db: Message 96 (326ms)
2026-02-05 10:08:05 [INFO] cache: Message 97 (72ms)
2026-02-05 10:08:10 [WARN] db: Message 98 (402ms)
2026-02-05 10:08:15 [WARN] queue: Message 99 (403ms)
2026-02-05 10:08:20 [WARN] api: Message 100 (189ms)
2026-02-05 10:08:25 [ERROR] worker: Message 101 (411ms)
2026-02-05 10:08:30 [INFO] api: Message 102 (419ms)
2026-02-05 10:08:35 [INFO] api: Message 103 (362ms)
2026-02-05 10:08:40 [INFO] worker: Message 104 (331ms)
2026-02-05 10:08:45 [ERROR] api: Message 105 (389ms)
2026-02-05 10:08:50 [INFO] api: Message 106 (400ms)
2026-02-05 10:08:55 [INFO] queue: Message 107 (381ms)
2026-02-05 10:09:00 [INFO] queue: Message 108 (124ms)
2026-02-05 10:09:05 [WARN] cache: Message 109 (352ms)
2026-02-05 10:09:10 [WARN] cache: Message 110 (190ms)
2026-02-05 10:09:15 [WARN] queue: Message 111 (222ms)
2026-02-05 10:09:20 [INFO] cache: Message 112 (245ms)
2026-02-05 10:09:25 [WARN] cache: Message 113 (66ms)
2026-02-05 10:09:30 [INFO] api: Message 114 (201ms)
2026-02-05 10:09:35 [INFO] api: Message 115 (132ms)
2026-02-05 10:09:40 [INFO] queue: Message 116 (153ms)
2026-02-05 10:09:45 [INFO] db: Message 117 (485ms)
2026-02-05 10:09:50 [WARN] db: Message 118 (119ms)
2026-02-05 10:09:55 [INFO] api: Message 119 (464ms)
2026-02-05 10:10:00 [INFO] queue: Message 120 (403ms)
2026-02-05 10:10:05 [INFO] queue: Message 121 (275ms)
2026-02-05 10:10:10 [ERROR] queue: Message 122 (250ms)
2026-02-05 10:10:15 [INFO] api: Message 123 (229ms)
2026-02-05 10:10:20 [WARN] queue: Message 124 (143ms)
2026-02-05 10:10:25 [ERROR] queue: Message 125 (144ms)
2026-02-05 10:10:30 [INFO] db: Message 126 (109ms)
2026-02-05 10:10:35 [INFO] cache: Message 127 (237ms)
2026-02-05 10:10:40 [INFO] api: Message 128 (61ms)
2026-02-05 10:10:45 [WARN] api: Message 129 (66ms)
2026-02-05 10:10:50 [WARN] api: Message 130 (50ms)
2026-02-05 10:10:55 [INFO] db: Message 131 (485ms)
2026-02-05 10:11:00 [INFO] queue: Message 132 (158ms)
2026-02-05 10:11:05 [INFO] db: Message 133 (122ms)
2026-02-05 10:11:10 [WARN] cache: Message 134 (338ms)
2026-02-05 10:11:15 [INFO] api: Message 135 (263ms)
2026-02-05 10:11:20 [INFO] api: Message 136 (233ms)
2026-02-05 10:11:25 [INFO] cache: Message 137 (401ms)
2026-02-05 10:11:30 [INFO] api: Message 138 (468ms)
2026-02-05 10:11:35 [WARN] db: Message 139 (109ms)
2026-02-05 10:11:40 [WARN] worker: Message 140 (421ms)
2026-02-05 10:11:45 [ERROR] worker: Message 141 (398ms)
2026-02-05 10:11:50 [INFO] api: Message 142 (267ms)
2026-02-05 10:11:55 [ERROR] api: Message 143 (493ms)
2026-02-05 10:12:00 [INFO] worker: Message 144 (169ms)
2026-02-05 10:12:05 [INFO] db: Message 145 (425ms)
2026-02-05 10:12:10 [INFO] cache: Message 146 (377ms)
2026-02-05 10:12:15 [ERROR] queue: Message 147 (318ms)
2026-02-05 10:12:20 [WARN] cache: Message 148 (335ms)
2026-02-05 10:12:25 [INFO] db: Message 149 (312ms)
2026-02-05 10:12:30 [INFO] db: Message 150 (371ms)
2026-02-05 10:12:35 [INFO] db: Message 151 (61ms)
2026-02-05 10:12:40 [INFO] db: Message 152 (234ms)
2026-02-05 10:12:45 [INFO] worker: Message 153 (267ms)
2026-02-05 10:12:50 [WARN] db: Message 154 (83ms)
2026-02-05 10:12:55 [INFO] queue: Message 155 (349ms)
2026-02-05 10:13:00 [WARN] worker: Message 156 (364ms)
2026-02-05 10:13:05 [ERROR] queue: Message 157 (291ms)
2026-02-05 10:13:10 [INFO] cache: Message 158 (248ms)
2026-02-05 10:13:15 [INFO] worker: Message 159 (309ms)
2026-02-05 10:13:20 [ERROR] db: Message 160 (59ms)
2026-02-05 10:13:25 [WARN] queue: Message 161 (79ms)
2026-02-05 10:13:30 [INFO] api: Message 162 (383ms)
2026-02-05 10:13:35 [INFO] queue: Message 163 (438ms)
2026-02-05 10:13:40 [INFO] queue: Message 164 (95ms)
2026-02-05 10:13:45 [INFO] queue: Message 165 (334ms)
2026-02-05 10:13:50 [INFO] queue: Message 166 (421ms)
2026-02-05 10:13:55 [INFO] worker: Message 167 (119ms)
2026-02-05 10:14:00 [INFO] db: Message 168 (280ms)
2026-02-05 10:14:05 [INFO] cache: Message 169 (477ms)
2026-02-05 10:14:10 [WARN] api: Message 170 (383ms)
2026-02-05 10:14:15 [ERROR] cache: Message 171 (125ms)
2026-02-05 10:14:20 [INFO] db: Message 172 (419ms)
2026-02-05 10:14:25 [WARN] worker: Message 173 (289ms)
2026-02-05 10:14:30 [INFO] api: Message 174 (348ms)
2026-02-05 10:14:35 [INFO] cache: Message 175 (415ms)
2026-02-05 10:14:40 [WARN] cache: Message 176 (334ms)
2026-02-05 10:14:45 [INFO] cache: Message 177 (243ms)
2026-02-05 10:14:50 [WARN] db: Message 178 (100ms)
2026-02-05 10:14:55 [INFO] cache: Message 179 (333ms)
2026-02-05 10:15:00 [INFO] queue: Message 180 (401ms)
2026-02-05 10:15:05 [INFO] worker: Message 181 (482ms)
2026-02-05 10:15:10 [INFO] db: Message 182 (282ms)
2026-02-05 10:15:15 [INFO] api: Message 183 (172ms)
2026-02-05 10:15:20 [INFO] api: Message 184 (382ms)
2026-02-05 10:15:25 [INFO] queue: Message 185 (370ms)
2026-02-05 10:15:30 [INFO] db: Message 186 (63ms)
2026-02-05 10:15:35 [INFO] db: Message 187 (258ms)
2026-02-05 10:15:40 [INFO] api: Message 188 (320ms)
2026-02-05 10:15:45 [WARN] api: Message 189 (262ms)
2026-02-05 10:15:50 [INFO] cache: Message 190 (418ms)
2026-02-05 10:15:55 [ERROR] worker: Message 191 (351ms)
2026-02-05 10:16:00 [WARN] queue: Message 192 (484ms)
2026-02-05 10:16:05 [INFO] api: Message 193 (402ms)
2026-02-05 10:16:10 [WARN] cache: Message 194 (200ms)
2026-02-05 10:16:15 [INFO] cache: Message 195 (316ms)
2026-02-05 10:16:20 [INFO] db: Message 196 (54ms)
2026-02-05 10:16:25 [INFO] api: Message 197 (404ms)
2026-02-05 10:16:30 [INFO] api: Message 198 (430ms)
2026-02-05 10:16:35 [INFO] queue: Message 199 (159ms)
2026-02-05 10:16:40 [WARN] db: Message 200 (72ms)
2026-02-05 10:16:45 [INFO] queue: Message 201 (79ms)
2026-02-05 10:16:50 [INFO] api: Message 202 (473ms)
2026-02-05 10:16:55 [INFO] db: Message 203 (326ms)
2026-02-05 10:17:00 [WARN] worker: Message 204 (381ms)
2026-02-05 10:17:05 [WARN] api: Message 205 (187ms)
2026-02-05 10:17:10 [INFO] db: Message 206 (480ms)
2026-02-05 10:17:15 [WARN] api: Message 207 (168ms)
2026-02-05 10:17:20 [INFO] cache: Message 208 (489ms)
2026-02-05 10:17:25 [INFO] db: Message 209 (344ms)
2026-02-05 10:17:30 [WARN] worker: Message 210 (379ms)
2026-02-05 10:17:35 [WARN] db: Message 211 (237ms)
2026-02-05 10:17:40 [ERROR] queue: Message 212 (461ms)
2026-02-05 10:17:45 [INFO] api: Message 213 (289ms)
2026-02-05 10:17:50 [INFO] cache: Message 214 (238ms)
2026-02-05 10:17:55 [WARN] queue: Message 215 (462ms)
2026-02-05 10:18:00 [INFO] queue: Message 216 (284ms)
2026-02-05 10:18:05 [INFO] queue: Message 217 (180ms)
2026-02-05 10:18:10 [INFO] cache: Message 218 (396ms)
2026-02-05 10:18:15 [INFO] cache: Message 219 (280ms)
2026-02-05 10:18:20 [WARN] api: Message 220 (143ms)
2026-02-05 10:18:25 [INFO] api: Message 221 (468ms)
2026-02-05 10:18:30 [INFO] worker: Message 222 (488ms)
2026-02-05 10:18:35 [INFO] queue: Message 223 (426ms)
2026-02-05 10:18:40 [WARN] db: Message 224 (124ms)
2026-02-05 10:18:45 [INFO] cache: Message 225 (411ms)
2026-02-05 10:18:50 [INFO] worker: Message 226 (422ms)
2026-02-05 10:18:55 [WARN] cache: Message 227 (357ms)
2026-02-05 10:19:00 [INFO] db: Message 228 (182ms)
2026-02-05 10:19:05 [INFO] api: Message 229 (275ms)
2026-02-05 10:19:10 [INFO] queue: Message 230 (260ms)
2026-02-05 10:19:15 [INFO] api: Message 231 (348ms)
2026-02-05 10:19:20 [WARN] db: Message 232 (173ms)
2026-02-05 10:19:25 [INFO] queue: Message 233 (133ms)
2026-02-05 10:19:30 [INFO] cache: Message 234 (129ms)
2026-02-05 10:19:35 [INFO] cache: Message 235 (497ms)
2026-02-05 10:19:40 [INFO] worker: Message 236 (393ms)
2026-02-05 10:19:45 [INFO] api: Message 237 (476ms)
2026-02-05 10:19:50 [INFO] db: Message 238 (339ms)
2026-02-05 10:19:55 [INFO] cache: Message 239 (497ms)
2026-02-05 10:20:00 [INFO] worker: Message 240 (496ms)
2026-02-05 10:20:05 [INFO] queue: Message 241 (281ms)
2026-02-05 10:20:10 [ERROR] api: Message 242 (228ms)
2026-02-05 10:20:15 [INFO] queue: Message 243 (155ms)
2026-02-05 10:20:20 [INFO] queue: Message 244 (127ms)
2026-02-05 10:20:25 [INFO] api: Message 245 (152ms)
2026-02-05 10:20:30 [INFO] api: Message 246 (457ms)
2026-02-05 10:20:35 [INFO] queue: Message 247 (177ms)
2026-02-05 10:20:40 [INFO] queue: Message 248 (57ms)
2026-02-05 10:20:45 [INFO] cache: Message 249 (414ms)
2026-02-05 10:20:50 [INFO] api: Message 250 (178ms)
2026-02-05 10:20:55 [WARN] worker: Message 251 (126ms)
2026-02-05 10:21:00 [WARN] cache: Message 252 (376ms)
2026-02-05 10:21:05 [INFO] cache: Message 253 (246ms)
2026-02-05 10:21:10 [INFO] api: Message 254 (305ms)
2026-02-05 10:21:15 [INFO] worker: Message 255 (419ms)
2026-02-05 10:21:20 [INFO] worker: Message 256 (274ms)
2026-02-05 10:21:25 [INFO] queue: Message 257 (50ms)
2026-02-05 10:21:30 [INFO] api: Message 258 (66ms)
2026-02-05 10:21:35 [INFO] worker: Message 259 (415ms)
2026-02-05 10:21:40 [INFO] queue: Message 260 (394ms)
2026-02-05 10:21:45 [INFO] api: Message 261 (99ms)
2026-02-05 10:21:50 [INFO] cache: Message 262 (492ms)
2026-02-05 10:21:55 [INFO] worker: Message 263 (438ms)
2026-02-05 10:22:00 [INFO] worker: Message 264 (469ms)
2026-02-05 10:22:05 [WARN] db: Message 265 (326ms)
2026-02-05 10:22:10 [INFO] cache: Message 266 (460ms)
2026-02-05 10:22:15 [WARN] cache: Message 267 (215ms)
2026-02-05 10:22:20 [INFO] queue: Message 268 (237ms)
2026-02-05 10:22:25 [INFO] queue: Message 269 (447ms)
2026-02-05 10:22:30 [INFO] queue: Message 270 (418ms)
2026-02-05 10:22:35 [WARN] db: Message 271 (412ms)
2026-02-05 10:22:40 [WARN] api: Message 272 (147ms)
2026-02-05 10:22:45 [INFO] db: Message 273 (188ms)
2026-02-05 10:22:50 [INFO] queue: Message 274 (314ms)
2026-02-05 10:22:55 [WARN] cache: Message 275 (168ms)
2026-02-05 10:23:00 [WARN] worker: Message 276 (124ms)
2026-02-05 10:23:05 [INFO] db: Message 277 (482ms)
2026-02-05 10:23:10 [INFO] queue: Message 278 (468ms)
2026-02-05 10:23:15 [INFO] worker: Message 279 (397ms)
2026-02-05 10:23:20 [INFO] worker: Message 280 (58ms)
2026-02-05 10:23:25 [WARN] queue: Message 281 (216ms)
2026-02-05 10:23:30 [INFO] db: Message 282 (403ms)
2026-02-05 10:23:35 [ERROR] cache: Message 283 (380ms)
2026-02-05 10:23:40 [INFO] api: Message 284 (299ms)
2026-02-05 10:23:45 [INFO] worker: Message 285 (101ms)
2026-02-05 10:23:50 [INFO] worker: Message 286 (273ms)
2026-02-05 10:23:55 [INFO] queue: Message 287 (351ms)
2026-02-05 10:24:00 [INFO] cache: Message 288 (123ms)
2026-02-05 10:24:05 [INFO] cache: Message 289 (328ms)
2026-02-05 10:24:10 [INFO] queue: Message 290 (135ms)
2026-02-05 10:24:15 [INFO] queue: Message 291 (399ms)
2026-02-05 10:24:20 [INFO] api: Message 292 (208ms)
2026-02-05 10:24:25 [INFO] worker: Message 293 (381ms)
2026-02-05 10:24:30 [INFO] queue: Message 294 (188ms)
2026-02-05 10:24:35 [INFO] queue: Message 295 (122ms)
2026-02-05 10:24:40 [WARN] worker: Message 296 (246ms)
2026-02-05 10:24:45 [INFO] api: Message 297 (304ms)
2026-02-05 10:24:50 [INFO] cache: Message 298 (102ms)
2026-02-05 10:24:55 [ERROR] api: Message 299 (349ms)
2026-02-05 10:25:00 [INFO] api: Message 300 (461ms)
2026-02-05 10:25:05 [INFO] cache: Message 301 (478ms)
2026-02-05 10:25:10 [INFO] queue: Message 302 (184ms)
2026-02-05 10:25:15 [INFO] worker: Message 303 (140ms)
2026-02-05 10:25:20 [INFO] db: Message 304 (411ms)
2026-02-05 10:25:25 [INFO] worker: Message 305 (156ms)
2026-02-05 10:25:30 [INFO] api: Message 306 (158ms)
2026-02-05 10:25:35 [INFO] db: Message 307 (471ms)
2026-02-05 10:25:40 [INFO] api: Message 308 (387ms)
2026-02-05 10:25:45 [ERROR] queue: Message 309 (412ms)
2026-02-05 10:25:50 [WARN] worker: Message 310 (464ms)
2026-02-05 10:25:55 [INFO] db: Message 311 (398ms)
2026-02-05 10:26:00 [ERROR] db: Message 312 (142ms)
2026-02-05 10:26:05 [INFO] api: Message 313 (371ms)
2026-02-05 10:26:10 [WARN] queue: Message 314 (194ms)
2026-02-05 10:26:15 [INFO] cache: Message 315 (260ms)
2026-02-05 10:26:20 [INFO] db: Message 316 (52ms)
2026-02-05 10:26:25 [INFO] api: Message 317 (100ms)
2026-02-05 10:26:30 [ERROR] worker: Message 318 (257ms)
2026-02-05 10:26:35 [INFO] db: Message 319 (159ms)
2026-02-05 10:26:40 [WARN] queue: Message 320 (392ms)
2026-02-05 10:26:45 [INFO] cache: Message 321 (316ms)
2026-02-05 10:26:50 [INFO] queue: Message 322 (450ms)
2026-02-05 10:26:55 [INFO] worker: Message 323 (357ms)
2026-02-05 10:27:00 [INFO] queue: Message 324 (277ms)
2026-02-05 10:27:05 [INFO] queue: Message 325 (89ms)
2026-02-05 10:27:10 [INFO] api: Message 326 (66ms)
2026-02-05 10:27:15 [INFO] queue: Message 327 (263ms)
2026-02-05 10:27:20 [WARN] api: Message 328 (430ms)
2026-02-05 10:27:25 [INFO] db: Message 329 (280ms)
2026-02-05 10:27:30 [INFO] queue: Message 330 (158ms)
2026-02-05 10:27:35 [WARN] db: Message 331 (196ms)
2026-02-05 10:27:40 [INFO] worker: Message 332 (273ms)
2026-02-05 10:27:45 [WARN] worker: Message 333 (418ms)
2026-02-05 10:27:50 [WARN] cache: Message 334 (403ms)
2026-02-05 10:27:55 [ERROR] api: Message 335 (65ms)
2026-02-05 10:28:00 [INFO] cache: Message 336 (473ms)
2026-02-05 10:28:05 [INFO] cache: Message 337 (241ms)
2026-02-05 10:28:10 [INFO] cache: Message 338 (136ms)
2026-02-05 10:28:15 [INFO] queue: Message 339 (451ms)
2026-02-05 10:28:20 [INFO] worker: Message 340 (358ms)
2026-02-05 10:28:25 [ERROR] worker: Message 341 (415ms)
2026-02-05 10:28:30 [WARN] cache: Message 342 (486ms)
2026-02-05 10:28:35 [INFO] db: Message 343 (295ms)
2026-02-05 10:28:40 [INFO] worker: Message 344 (384ms)
2026-02-05 10:28:45 [INFO] queue: Message 345 (202ms)
2026-02-05 10:28:50 [INFO] worker: Message 346 (463ms)
2026-02-05 10:28:55 [WARN] api: Message 347 (256ms)
2026-02-05 10:29:00 [INFO] worker: Message 348 (263ms)
2026-02-05 10:29:05 [INFO] cache: Message 349 (236ms)
2026-02-05 10:29:10 [INFO] queue: Message 350 (197ms)
2026-02-05 10:29:15 [INFO] cache: Message 351 (64ms)
2026-02-05 10:29:20 [ERROR] db: Message 352 (469ms)
2026-02-05 10:29:25 [WARN] db: Message 353 (322ms)
2026-02-05 10:29:30 [INFO] cache: Message 354 (476ms)
2026-02-05 10:29:35 [INFO] db: Message 355 (439ms)
2026-02-05 10:29:40 [INFO] api: Message 356 (453ms)
2026-02-05 10:29:45 [INFO] db: Message 357 (119ms)
2026-02-05 10:29:50 [WARN] db: Message 358 (83ms)
2026-02-05 10:29:55 [ERROR] api: Message 359 (364ms)
2026-02-05 10:30:00 [INFO] queue: Message 360 (276ms)
2026-02-05 10:30:05 [INFO] queue: Message 361 (180ms)
2026-02-05 10:30:10 [INFO] queue: Message 362 (127ms)
2026-02-05 10:30:15 [WARN] queue: Message 363 (460ms)
2026-02-05 10:30:20 [INFO] api: Message 364 (78ms)
2026-02-05 10:30:25 [INFO] queue: Message 365 (206ms)
2026-02-05 10:30:30 [INFO] api: Message 366 (181ms)
2026-02-05 10:30:35 [INFO] api: Message 367 (325ms)
2026-02-05 10:30:40 [INFO] api: Message 368 (334ms)
2026-02-05 10:30:45 [INFO] cache: Message 369 (283ms)
2026-02-05 10:30:50 [INFO] api: Message 370 (53ms)
2026-02-05 10:30:55 [WARN] api: Message 371 (389ms)
2026-02-05 10:31:00 [INFO] queue: Message 372 (60ms)
2026-02-05 10:31:05 [ERROR] queue: Message 373 (59ms)
2026-02-05 10:31:10 [INFO] db: Message 374 (469ms)
2026-02-05 10:31:15 [INFO] worker: Message 375 (435ms)
2026-02-05 10:31:20 [INFO] worker: Message 376 (450ms)
2026-02-05 10:31:25 [INFO] db: Message 377 (273ms)
2026-02-05 10:31:30 [INFO] queue: Message 378 (174ms)
2026-02-05 10:31:35 [INFO] cache: Message 379 (369ms)
2026-02-05 10:31:40 [WARN] api: Message 380 (226ms)
2026-02-05 10:31:45 [INFO] worker: Message 381 (51ms)
2026-02-05 10:31:50 [INFO] api: Message 382 (466ms)
2026-02-05 10:31:55 [INFO] queue: Message 383 (419ms)
2026-02-05 10:32:00 [INFO] api: Message 384 (433ms)
2026-02-05 10:32:05 [WARN] queue: Message 385 (59ms)
2026-02-05 10:32:10 [INFO] db: Message 386 (385ms)
2026-02-05 10:32:15 [ERROR] db: Message 387 (99ms)
2026-02-05 10:32:20 [WARN] cache: Message 388 (158ms)
2026-02-05 10:32:25 [INFO] api: Message 389 (118ms)
2026-02-05 10:32:30 [INFO] db: Message 390 (175ms)
2026-02-05 10:32:35 [WARN] cache: Message 391 (323ms)
2026-02-05 10:32:40 [WARN] queue: Message 392 (188ms)
2026-02-05 10:32:45 [WARN] cache: Message 393 (254ms)
2026-02-05 10:32:50 [INFO] api: Message 394 (98ms)
2026-02-05 10:32:55 [INFO] queue: Message 395 (199ms)
2026-02-05 10:33:00 [INFO] queue: Message 396 (336ms)
2026-02-05 10:33:05 [INFO] queue: Message 397 (432ms)
2026-02-05 10:33:10 [INFO] api: Message 398 (227ms)
2026-02-05 10:33:15 [INFO] cache: Message 399 (224ms)
2026-02-05 10:33:20 [INFO] cache: Message 400 (442ms)
2026-02-05 10:33:25 [INFO] cache: Message 401 (435ms)
2026-02-05 10:33:30 [WARN] db: Message 402 (448ms)
2026-02-05 10:33:35 [INFO] worker: Message 403 (462ms)
2026-02-05 10:33:40 [INFO] worker: Message 404 (443ms)
2026-02-05 10:33:45 [INFO] cache: Message 405 (450ms)
2026-02-05 10:33:50 [INFO] api: Message 406 (394ms)
2026-02-05 10:33:55 [WARN] db: Message 407 (53ms)
2026-02-05 10:34:00 [WARN] api: Message 408 (51ms)
2026-02-05 10:34:05 [INFO] worker: Message 409 (428ms)
2026-02-05 10:34:10 [ERROR] db: Message 410 (62ms)
2026-02-05 10:34:15 [INFO] db: Message 411 (96ms)
2026-02-05 10:34:20 [INFO] worker: Message 412 (430ms)
2026-02-05 10:34:25 [INFO] api: Message 413 (155ms)
2026-02-05 10:34:30 [ERROR] queue: Message 414 (81ms)
2026-02-05 10:34:35 [INFO] worker: Message 415 (130ms)
2026-02-05 10:34:40 [INFO] worker: Message 416 (62ms)
2026-02-05 10:34:45 [INFO] cache: Message 417 (428ms)
2026-02-05 10:34:50 [INFO] db: Message 418 (340ms)
2026-02-05 10:34:55 [WARN] cache: Message 419 (470ms)
2026-02-05 10:35:00 [WARN] api: Message 420 (129ms)
2026-02-05 10:35:05 [INFO] worker: Message 421 (109ms)
2026-02-05 10:35:10 [INFO] db: Message 422 (421ms)
2026-02-05 10:35:15 [INFO] cache: Message 423 (485ms)
2026-02-05 10:35:20 [INFO] db: Message 424 (402ms)
2026-02-05 10:35:25 [INFO] queue: Message 425 (169ms)
2026-02-05 10:35:30 [INFO] cache: Message 426 (98ms)
2026-02-05 10:35:35 [INFO] worker: Message 427 (293ms)
2026-02-05 10:35:40 [INFO] db: Message 428 (418ms)
2026-02-05 10:35:45 [WARN] queue: Message 429 (246ms)
2026-02-05 10:35:50 [INFO] queue: Message 430 (161ms)
2026-02-05 10:35:55 [INFO] worker: Message 431 (388ms)
2026-02-05 10:36:00 [INFO] worker: Message 432 (373ms)
2026-02-05 10:36:05 [INFO] queue: Message 433 (173ms)
2026-02-05 10:36:10 [INFO] api: Message 434 (207ms)
2026-02-05 10:36:15 [INFO] cache: Message 435 (205ms)
2026-02-05 10:36:20 [INFO] cache: Message 436 (267ms)
2026-02-05 10:36:25 [INFO] cache: Message 437 (244ms)
2026-02-05 10:36:30 [INFO] queue: Message 438 (346ms)
2026-02-05 10:36:35 [WARN] api: Message 439 (89ms)
2026-02-05 10:36:40 [WARN] db: Message 440 (170ms)
2026-02-05 10:36:45 [INFO] queue: Message 441 (247ms)
2026-02-05 10:36:50 [INFO] db: Message 442 (152ms)
2026-02-05 10:36:55 [INFO] db: Message 443 (268ms)
2026-02-05 10:37:00 [INFO] api: Message 444 (94ms)
2026-02-05 10:37:05 [INFO] queue: Message 445 (338ms)
2026-02-05 10:37:10 [INFO] cache: Message 446 (302ms)
2026-02-05 10:37:15 [INFO] queue: Message 447 (172ms)
2026-02-05 10:37:20 [WARN] cache: Message 448 (147ms)
2026-02-05 10:37:25 [INFO] cache: Message 449 (426ms)
2026-02-05 10:37:30 [INFO] api: Message 450 (122ms)
2026-02-05 10:37:35 [ERROR] api: Message 451 (138ms)
2026-02-05 10:37:40 [WARN] cache: Message 452 (103ms)
2026-02-05 10:37:45 [ERROR] worker: Message 453 (219ms)
2026-02-05 10:37:50 [INFO] queue: Message 454 (185ms)
2026-02-05 10:37:55 [INFO] cache: Message 455 (266ms)
2026-02-05 10:38:00 [WARN] queue: Message 456 (100ms)
2026-02-05 10:38:05 [INFO] db: Message 457 (194ms)
2026-02-05 10:38:10 [INFO] api: Message 458 (124ms)
2026-02-05 10:38:15 [INFO] api: Message 459 (432ms)
2026-02-05 10:38:20 [INFO] cache: Message 460 (388ms)
2026-02-05 10:38:25 [ERROR] queue: Message 461 (449ms)
2026-02-05 10:38:30 [WARN] queue: Message 462 (417ms)
2026-02-05 10:38:35 [INFO] queue: Message 463 (477ms)
2026-02-05 10:38:40 [ERROR] queue: Message 464 (106ms)
2026-02-05 10:38:45 [ERROR] queue: Message 465 (176ms)
2026-02-05 10:38:50 [INFO] cache: Message 466 (110ms)
2026-02-05 10:38:55 [INFO] worker: Message 467 (339ms)
2026-02-05 10:39:00 [INFO] worker: Message 468 (113ms)
2026-02-05 10:39:05 [INFO] cache: Message 469 (149ms)
2026-02-05 10:39:10 [WARN] db: Message 470 (251ms)
2026-02-05 10:39:15 [INFO] db: Message 471 (234ms)
2026-02-05 10:39:20 [ERROR] worker: Message 472 (263ms)
2026-02-05 10:39:25 [INFO] worker: Message 473 (481ms)
2026-02-05 10:39:30 [INFO] db: Message 474 (299ms)
2026-02-05 10:39:35 [ERROR] api: Message 475 (416ms)
2026-02-05 10:39:40 [INFO] worker: Message 476 (401ms)
2026-02-05 10:39:45 [INFO] worker: Message 477 (406ms)
2026-02-05 10:39:50 [INFO] queue: Message 478 (272ms)
2026-02-05 10:39:55 [INFO] db: Message 479 (479ms)
2026-02-05 10:40:00 [ERROR] queue: Message 480 (65ms)
2026-02-05 10:40:05 [INFO] db: Message 481 (69ms)
2026-02-05 10:40:10 [INFO] queue: Message 482 (237ms)
2026-02-05 10:40:15 [INFO] api: Message 483 (60ms)
2026-02-05 10:40:20 [INFO] cache: Message 484 (207ms)
2026-02-05 10:40:25 [INFO] cache: Message 485 (342ms)
2026-02-05 10:40:30 [INFO] worker: Message 486 (134ms)
2026-02-05 10:40:35 [INFO] cache: Message 487 (434ms)
2026-02-05 10:40:40 [INFO] worker: Message 488 (442ms)
2026-02-05 10:40:45 [INFO] queue: Message 489 (282ms)
2026-02-05 10:40:50 [INFO] queue: Message 490 (421ms)
2026-02-05 10:40:55 [INFO] api: Message 491 (114ms)
2026-02-05 10:41:00 [INFO] api: Message 492 (86ms)
2026-02-05 10:41:05 [WARN] queue: Message 493 (359ms)
2026-02-05 10:41:10 [INFO] cache: Message 494 (299ms)
2026-02-05 10:41:15 [ERROR] api: Message 495 (88ms)
2026-02-05 10:41:20 [WARN] cache: Message 496 (267ms)
2026-02-05 10:41:25 [ERROR] queue: Message 497 (329ms)
2026-02-05 10:41:30 [WARN] queue: Message 498 (98ms)
2026-02-05 10:41:35 [INFO] db: Message 499 (151ms)
