2026-02-05 10:00:00 [INFO] queue: Message 0 (316ms)
2026-02-05 10:00:05 [INFO] queue: Message 1 (56ms)
2026-02-05 10:00:10 [INFO] worker: Message 2 (483ms)
2026-02-05 10:00:15 [INFO] cache: Message 3 (275ms)
2026-02-05 10:00:20 [WARN] cache: Message 4 (80ms)
2026-02-05 10:00:25 [WARN] cache: Message 5 (420ms)
2026-02-05 10:00:30 [WARN] api: Message 6 (123ms)
2026-02-05 10:00:35 [INFO] queue: Message 7 (291ms)
2026-02-05 10:00:40 [ERROR] db: Message 8 (336ms)
2026-02-05 10:00:45 [INFO] worker: Message 9 (451ms)
2026-02-05 10:00:50 [ERROR] worker: Message 10 (228ms)
2026-02-05 10:00:55 [WARN] api: Message 11 (269ms)
2026-02-05 10:01:00 [WARN] api: Message 12 (415ms)
2026-02-05 10:01:05 [WARN] cache: Message 13 (482ms)
2026-02-05 10:01:10 [WARN] db: Message 14 (449ms)
2026-02-05 10:01:15 [WARN] db: Message 15 (398ms)
2026-02-05 10:01:20 [INFO] queue: Message 16 (272ms)
2026-02-05 10:01:25 [INFO] worker: Message 17 (471ms)
2026-02-05 10:01:30 [INFO] worker: Message 18 (220ms)
2026-02-05 10:01:35 [INFO] cache: Message 19 (169ms)
2026-02-05 10:01:40 [INFO] worker: Message 20 (132ms)
2026-02-05 10:01:45 [WARN] queue: Message 21 (362ms)
2026-02-05 10:01:50 [INFO] queue: Message 22 (240ms)
2026-02-05 10:01:55 [INFO] api: Message 23 (388ms)
2026-02-05 10:02:00 [WARN] queue: Message 24 (279ms)
2026-02-05 10:02:05 [ERROR] api: Message 25 (405ms)
2026-02-05 10:02:10 [INFO] cache: Message 26 (110ms)
2026-02-05 10:02:15 [INFO] db: Message 27 (131ms)
2026-02-05 10:02:20 [INFO] queue: Message 28 (359ms)
2026-02-05 10:02:25 [WARN] cache: Message 29 (254ms)
2026-02-05 10:02:30 [WARN] db: Message 30 (484ms)
2026-02-05 10:02:35 [INFO] worker: Message 31 (447ms)
2026-02-05 10:02:40 [WARN] worker: Message 32 (358ms)
2026-02-05 10:02:45 [WARN] worker: Message 33 (386ms)
2026-02-05 10:02:50 [INFO] api: Message 34 (455ms)
2026-02-05 10:02:55 [WARN] cache: Message 35 (196ms)
2026-02-05 10:03:00 [ERROR] worker: Message 36 (350ms)
2026-02-05 10:03:05 [WARN] api: Message 37 (320ms)
2026-02-05 10:03:10 [INFO] queue: Message 38 (494ms)
2026-02-05 10:03:15 [WARN] worker: Message 39 (100ms)
2026-02-05 10:03:20 [INFO] cache: Message 40 (349ms)
2026-02-05 10:03:25 [WARN] api: Message 41 (254ms)
2026-02-05 10:03:30 [INFO] api: Message 42 (482ms)
2026-02-05 10:03:35 [INFO] cache: Message 43 (308ms)
2026-02-05 10:03:40 [INFO] cache: Message 44 (131ms)
2026-02-05 10:03:45 [ERROR] worker: Message 45 (149ms)
2026-02-05 10:03:50 [WARN] cache: Message 46 (245ms)
2026-02-05 10:03:55 [WARN] queue: Message 47 (180ms)
2026-02-05 10:04:00 [INFO] api: Message 48 (268ms)
2026-02-05 10:04:05 [INFO] queue: Message 49 (78ms)
2026-02-05 10:04:10 [INFO] api: Message 50 (310ms)
2026-02-05 10:04:15 [INFO] worker: Message 51 (236ms)
2026-02-05 10:04:20 [INFO] worker: Message 52 (481ms)
2026-02-05 10:04:25 [INFO] api: Message 53 (173ms)
2026-02-05 10:04:30 [INFO] queue: Message 54 (433ms)
2026-02-05 10:04:35 [INFO] api: Message 55 (246ms)
2026-02-05 10:04:40 [INFO] queue: Message 56 (79ms)
2026-02-05 10:04:45 [WARN] db: Message 57 (431ms)
2026-02-05 10:04:50 [INFO] db: Message 58 (108ms)
2026-02-05 10:04:55 [INFO] api: Message 59 (250ms)
2026-02-05 10:05:00 [INFO] worker: Message 60 (324ms)
2026-02-05 10:05:05 [INFO] queue: Message 61 (207ms)
2026-02-05 10:05:10 [INFO] db: Message 62 (266ms)
2026-02-05 10:05:15 [INFO] api: Message 63 (422ms)
2026-02-05 10:05:20 [INFO] queue: Message 64 (111ms)
2026-02-05 10:05:25 [INFO] db: Message 65 (308ms)
2026-02-05 10:05:30 [INFO] worker: Message 66 (448ms)
2026-02-05 10:05:35 [INFO] cache: Message 67 (496ms)
2026-02-05 10:05:40 [ERROR] api: Message 68 (185ms)
2026-02-05 10:05:45 [INFO] queue: Message 69 (190ms)
2026-02-05 10:05:50 [INFO] cache: Message 70 (238ms)
2026-02-05 10:05:55 [INFO] db: Message 71 (178ms)
2026-02-05 10:06:00 [INFO] db: Message 72 (137ms)
2026-02-05 10:06:05 [INFO] cache: Message 73 (335ms)
2026-02-05 10:06:10 [WARN] worker: Message 74 (234ms)
2026-02-05 10:06:15 [INFO] queue: Message 75 (205ms)
2026-02-05 10:06:20 [INFO] cache: Message 76 (371ms)
2026-02-05 10:06:25 [INFO] queue: Message 77 (265ms)
2026-02-05 10:06:30 [INFO] db: Message 78 (403ms)
2026-02-05 10:06:35 [INFO] cache: Message 79 (153ms)
2026-02-05 10:06:40 [ERROR] queue: Message 80 (423ms)
2026-02-05 10:06:45 [INFO] queue: Message 81 (258ms)
2026-02-05 10:06:50 [INFO] api: Message 82 (99ms)
2026-02-05 10:06:55 [INFO] api: Message 83 (216ms)
2026-02-05 10:07:00 [INFO] worker: Message 84 (463ms)
2026-02-05 10:07:05 [INFO] cache: Message 85 (370ms)
2026-02-05 10:07:10 [INFO] queue: Message 86 (316ms)
2026-02-05 10:07:15 [WARN] cache: Message 87 (86ms)
2026-02-05 10:07:20 [INFO] api: Message 88 (125ms)
2026-02-05 10:07:25 [INFO] worker: Message 89 (452ms)
2026-02-05 10:07:30 [INFO] cache: Message 90 (142ms)
2026-02-05 10:07:35 [WARN] worker: Message 91 (307ms)
2026-02-05 10:07:40 [INFO] queue: Message 92 (230ms)
2026-02-05 10:07:45 [INFO] worker: Message 93 (81ms)
2026-02-05 10:07:50 [INFO] worker: Message 94 (373ms)
2026-02-05 10:07:55 [WARN] cache: Message 95 (165ms)
2026-02-05 10:08:00 [INFO] db: Message 96 (363ms)
2026-02-05 10:08:05 [INFO] db: Message 97 (203ms)
2026-02-05 10:08:10 [WARN] queue: Message 98 (228ms)
2026-02-05 10:08:15 [INFO] queue: Message 99 (358ms)
2026-02-05 10:08:20 [INFO] queue: Message 100 (220ms)
2026-02-05 10:08:25 [INFO] db: Message 101 (294ms)
2026-02-05 10:08:30 [INFO] cache: Message 102 (264ms)
2026-02-05 10:08:35 [INFO] cache: Message 103 (290ms)
2026-02-05 10:08:40 [INFO] api: Message 104 (427ms)
2026-02-05 10:08:45 [WARN] db: Message 105 (421ms)
2026-02-05 10:08:50 [INFO] api: Message 106 (57ms)
2026-02-05 10:08:55 [ERROR] db: Message 107 (498ms)
2026-02-05 10:09:00 [INFO] api: Message 108 (266ms)
2026-02-05 10:09:05 [WARN] db: Message 109 (433ms)
2026-02-05 10:09:10 [INFO] queue: Message 110 (403ms)
2026-02-05 10:09:15 [WARN] api: Message 111 (473ms)
2026-02-05 10:09:20 [INFO] api: Message 112 (337ms)
2026-02-05 10:09:25 [ERROR] db: Message 113 (361ms)
2026-02-05 10:09:30 [INFO] api: Message 114 (260ms)
2026-02-05 10:09:35 [INFO] api: Message 115 (465ms)
2026-02-05 10:09:40 [INFO] db: Message 116 (418ms)
2026-02-05 10:09:45 [WARN] api: Message 117 (477ms)
2026-02-05 10:09:50 [INFO] worker: Message 118 (79ms)
2026-02-05 10:09:55 [WARN] queue: Message 119 (300ms)
2026-02-05 10:10:00 [WARN] queue: Message 120 (209ms)
2026-02-05 10:10:05 [INFO] queue: Message 121 (97ms)
2026-02-05 10:10:10 [INFO] api: Message 122 (376ms)
2026-02-05 10:10:15 [WARN] cache: Message 123 (235ms)
2026-02-05 10:10:20 [WARN] db: Message 124 (385ms)
2026-02-05 10:10:25 [INFO] db: Message 125 (313ms)
2026-02-05 10:10:30 [WARN] cache: Message 126 (423ms)
2026-02-05 10:10:35 [WARN] worker: Message 127 (314ms)
2026-02-05 10:10:40 [WARN] cache: Message 128 (330ms)
2026-02-05 10:10:45 [INFO] db: Message 129 (220ms)
2026-02-05 10:10:50 [INFO] cache: Message 130 (249ms)
2026-02-05 10:10:55 [WARN] db: Message 131 (65ms)
2026-02-05 10:11:00 [INFO] db: Message 132 (480ms)
2026-02-05 10:11:05 [INFO] db: Message 133 (171ms)
2026-02-05 10:11:10 [WARN] cache: Message 134 (239ms)
2026-02-05 10:11:15 [INFO] db: Message 135 (100ms)
2026-02-05 10:11:20 [INFO] cache: Message 136 (128ms)
2026-02-05 10:11:25 [INFO] worker: Message 137 (445ms)
2026-02-05 10:11:30 [INFO] api: Message 138 (472ms)
2026-02-05 10:11:35 [INFO] cache: Message 139 (412ms)
2026-02-05 10:11:40 [INFO] db: Message 140 (239ms)
2026-02-05 10:11:45 [INFO] cache: Message 141 (353ms)
2026-02-05 10:11:50 [INFO] worker: Message 142 (392ms)
2026-02-05 10:11:55 [INFO] api: Message 143 (412ms)
2026-02-05 10:12:00 [ERROR] db: Message 144 (89ms)
2026-02-05 10:12:05 [INFO] worker: Message 145 (326ms)
2026-02-05 10:12:10 [INFO] queue: Message 146 (159ms)
2026-02-05 10:12:15 [INFO] db: Message 147 (449ms)
2026-02-05 10:12:20 [INFO] db: Message 148 (327ms)
2026-02-05 10:12:25 [INFO] queue: Message 149 (425ms)
2026-02-05 10:12:30 [WARN] db: Message 150 (189ms)
2026-02-05 10:12:35 [ERROR] db: Message 151 (314ms)
2026-02-05 10:12:40 [INFO] db: Message 152 (111ms)
2026-02-05 10:12:45 [ERROR] api: Message 153 (178ms)
2026-02-05 10:12:50 [ERROR] cache: Message 154 (199ms)
2026-02-05 10:12:55 [WARN] queue: Message 155 (360ms)
2026-02-05 10:13:00 [INFO] worker: Message 156 (492ms)
2026-02-05 10:13:05 [WARN] worker: Message 157 (232ms)
2026-02-05 10:13:10 [INFO] db: Message 158 (265ms)
2026-02-05 10:13:15 [INFO] db: Message 159 (288ms)
2026-02-05 10:13:20 [WARN] api: Message 160 (156ms)
2026-02-05 10:13:25 [ERROR] db: Message 161 (425ms)
2026-02-05 10:13:30 [INFO] api: Message 162 (421ms)
2026-02-05 10:13:35 [ERROR] api: Message 163 (234ms)
2026-02-05 10:13:40 [INFO] cache: Message 164 (436ms)
2026-02-05 10:13:45 [INFO] worker: Message 165 (489ms)
2026-02-05 10:13:50 [INFO] cache: Message 166 (136ms)
2026-02-05 10:13:55 [INFO] queue: Message 167 (257ms)
2026-02-05 10:14:00 [INFO] queue: Message 168 (63ms)
2026-02-05 10:14:05 [ERROR] worker: Message 169 (323ms)
2026-02-05 10:14:10 [INFO] queue: Message 170 (158ms)
2026-02-05 10:14:15 [INFO] queue: Message 171 (270ms)
2026-02-05 10:14:20 [INFO] queue: Message 172 (108ms)
2026-02-05 10:14:25 [ERROR] queue: Message 173 (90ms)
2026-02-05 10:14:30 [INFO] cache: Message 174 (188ms)
2026-02-05 10:14:35 [INFO] queue: Message 175 (350ms)
2026-02-05 10:14:40 [INFO] worker: Message 176 (118ms)
2026-02-05 10:14:45 [INFO] db: Message 177 (183ms)
2026-02-05 10:14:50 [WARN] cache: Message 178 (494ms)
2026-02-05 10:14:55 [INFO] worker: Message 179 (214ms)
2026-02-05 10:15:00 [INFO] worker: Message 180 (296ms)
2026-02-05 10:15:05 [INFO] api: Message 181 (331ms)
2026-02-05 10:15:10 [INFO] api: Message 182 (458ms)
2026-02-05 10:15:15 [INFO] queue: Message 183 (499ms)
2026-02-05 10:15:20 [ERROR] api: Message 184 (205ms)
2026-02-05 10:15:25 [WARN] worker: Message 185 (226ms)
2026-02-05 10:15:30 [ERROR] worker: Message 186 (338ms)
2026-02-05 10:15:35 [INFO] queue: Message 187 (197ms)
2026-02-05 10:15:40 [INFO] worker: Message 188 (210ms)
2026-02-05 10:15:45 [INFO] db: Message 189 (389ms)
2026-02-05 10:15:50 [INFO] cache: Message 190 (112ms)
2026-02-05 10:15:55 [INFO] db: Message 191 (300ms)
2026-02-05 10:16:00 [WARN] db: Message 192 (440ms)
2026-02-05 10:16:05 [WARN] cache: Message 193 (55ms)
2026-02-05 10:16:10 [INFO] queue: Message 194 (460ms)
2026-02-05 10:16:15 [WARN] worker: Message 195 (78ms)
2026-02-05 10:16:20 [INFO] db: Message 196 (74ms)
2026-02-05 10:16:25 [INFO] worker: Message 197 (411ms)
2026-02-05 10:16:30 [WARN] cache: Message 198 (480ms)
2026-02-05 10:16:35 [INFO] cache: Message 199 (469ms)
2026-02-05 10:16:40 [WARN] cache: Message 200 (209ms)
2026-02-05 10:16:45 [INFO] worker: Message 201 (187ms)
2026-02-05 10:16:50 [WARN] api: Message 202 (355ms)
2026-02-05 10:16:55 [INFO] cache: Message 203 (389ms)
2026-02-05 10:17:00 [INFO] worker: Message 204 (207ms)
2026-02-05 10:17:05 [INFO] worker: Message 205 (116ms)
2026-02-05 10:17:10 [WARN] worker: Message 206 (274ms)
2026-02-05 10:17:15 [INFO] cache: Message 207 (124ms)
2026-02-05 10:17:20 [INFO] db: Message 208 (464ms)
2026-02-05 10:17:25 [INFO] worker: Message 209 (311ms)
2026-02-05 10:17:30 [INFO] cache: Message 210 (460ms)
2026-02-05 10:17:35 [ERROR] cache: Message 211 (308ms)
2026-02-05 10:17:40 [INFO] cache: Message 212 (65ms)
2026-02-05 10:17:45 [ERROR] api: Message 213 (364ms)
2026-02-05 10:17:50 [INFO] cache: Message 214 (415ms)
2026-02-05 10:17:55 [ERROR] worker: Message 215 (443ms)
2026-02-05 10:18:00 [WARN] worker: Message 216 (442ms)
2026-02-05 10:18:05 [ERROR] cache: Message 217 (481ms)
2026-02-05 10:18:10 [INFO] queue: Message 218 (490ms)
2026-02-05 10:18:15 [INFO] queue: Message 219 (421ms)
2026-02-05 10:18:20 [INFO] queue: Message 220 (415ms)
2026-02-05 10:18:25 [WARN] api: Message 221 (258ms)
2026-02-05 10:18:30 [INFO] db: Message 222 (373ms)
2026-02-05 10:18:35 [INFO] db: Message 223 (134ms)
2026-02-05 10:18:40 [INFO] db: Message 224 (419ms)
2026-02-05 10:18:45 [ERROR] queue: Message 225 (407ms)
2026-02-05 10:18:50 [INFO] cache: Message 226 (121ms)
2026-02-05 10:18:55 [INFO] cache: Message 227 (345ms)
2026-02-05 10:19:00 [INFO] api: Message 228 (401ms)
2026-02-05 10:19:05 [WARN] api: Message 229 (472ms)
2026-02-05 10:19:10 [ERROR] worker: Message 230 (102ms)
2026-02-05 10:19:15 [WARN] db: Message 231 (456ms)
2026-02-05 10:19:20 [INFO] queue: Message 232 (325ms)
2026-02-05 10:19:25 [ERROR] cache: Message 233 (62ms)
2026-02-05 10:19:30 [INFO] worker: Message 234 (56ms)
2026-02-05 10:19:35 [INFO] api: Message 235 (408ms)
2026-02-05 10:19:40 [INFO] db: Message 236 (490ms)
2026-02-05 10:19:45 [INFO] queue: Message 237 (460ms)
2026-02-05 10:19:50 [INFO] worker: Message 238 (63ms)
2026-02-05 10:19:55 [INFO] api: Message 239 (242ms)
2026-02-05 10:20:00 [INFO] api: Message 240 (365ms)
2026-02-05 10:20:05 [INFO] cache: Message 241 (373ms)
2026-02-05 10:20:10 [INFO] queue: Message 242 (255ms)
2026-02-05 10:20:15 [INFO] db: Message 243 (470ms)
2026-02-05 10:20:20 [INFO] worker: Message 244 (468ms)
2026-02-05 10:20:25 [ERROR] worker: Message 245 (108ms)
2026-02-05 10:20:30 [INFO] queue: Message 246 (101ms)
2026-02-05 10:20:35 [INFO] api: Message 247 (361ms)
2026-02-05 10:20:40 [INFO] worker: Message 248 (226ms)
2026-02-05 10:20:45 [INFO] worker: Message 249 (366ms)
2026-02-05 10:20:50 [WARN] cache: Message 250 (315ms)
2026-02-05 10:20:55 [INFO] worker: Message 251 (270ms)
2026-02-05 10:21:00 [WARN] api: Message 252 (58ms)
2026-02-05 10:21:05 [ERROR] cache: Message 253 (174ms)
2026-02-05 10:21:10 [INFO] worker: Message 254 (173ms)
2026-02-05 10:21:15 [ERROR] cache: Message 255 (425ms)
2026-02-05 10:21:20 [INFO] worker: Message 256 (474ms)
2026-02-05 10:21:25 [WARN] worker: Message 257 (372ms)
2026-02-05 10:21:30 [INFO] cache: Message 258 (409ms)
2026-02-05 10:21:35 [INFO] queue: Message 259 (490ms)
2026-02-05 10:21:40 [WARN] api: Message 260 (434ms)
2026-02-05 10:21:45 [WARN] api: Message 261 (456ms)
2026-02-05 10:21:50 [INFO] worker: Message 262 (146ms)
2026-02-05 10:21:55 [WARN] db: Message 263 (472ms)
2026-02-05 10:22:00 [INFO] queue: Message 264 (137ms)
2026-02-05 10:22:05 [INFO] queue: Message 265 (468ms)
2026-02-05 10:22:10 [INFO] worker: Message 266 (92ms)
2026-02-05 10:22:15 [WARN] db: Message 267 (142ms)
2026-02-05 10:22:20 [INFO] worker: Message 268 (342ms)
2026-02-05 10:22:25 [WARN] cache: Message 269 (429ms)
2026-02-05 10:22:30 [ERROR] worker: Message 270 (112ms)
2026-02-05 10:22:35 [INFO] api: Message 271 (58ms)
2026-02-05 10:22:40 [INFO] cache: Message 272 (235ms)
2026-02-05 10:22:45 [INFO] queue: Message 273 (321ms)
2026-02-05 10:22:50 [INFO] worker: Message 274 (196ms)
2026-02-05 10:22:55 [ERROR] worker: Message 275 (354ms)
2026-02-05 10:23:00 [WARN] worker: Message 276 (148ms)
2026-02-05 10:23:05 [WARN] db: Message 277 (239ms)
2026-02-05 10:23:10 [INFO] cache: Message 278 (294ms)
2026-02-05 10:23:15 [ERROR] cache: Message 279 (456ms)
2026-02-05 10:23:20 [INFO] api: Message 280 (145ms)
2026-02-05 10:23:25 [INFO] cache: Message 281 (481ms)
2026-02-05 10:23:30 [INFO] db: Message 282 (132ms)
2026-02-05 10:23:35 [INFO] db: Message 283 (460ms)
2026-02-05 10:23:40 [INFO] cache: Message 284 (142ms)
2026-02-05 10:23:45 [INFO] worker: Message 285 (478ms)
2026-02-05 10:23:50 [INFO] cache: Message 286 (225ms)
2026-02-05 10:23:55 [INFO] worker: Message 287 (457ms)
2026-02-05 10:24:00 [INFO] queue: Message 288 (415ms)
2026-02-05 10:24:05 [INFO] queue: Message 289 (393ms)
2026-02-05 10:24:10 [INFO] cache: Message 290 (384ms)
2026-02-05 10:24:15 [INFO] cache: Message 291 (356ms)
2026-02-05 10:24:20 [WARN] queue: Message 292 (387ms)
2026-02-05 10:24:25 [WARN] cache: Message 293 (248ms)
2026-02-05 10:24:30 [ERROR] queue: Message 294 (475ms)
2026-02-05 10:24:35 [INFO] api: Message 295 (100ms)
2026-02-05 10:24:40 [INFO] queue: Message 296 (166ms)
2026-02-05 10:24:45 [ERROR] db: Message 297 (114ms)
2026-02-05 10:24:50 [INFO] api: Message 298 (496ms)
2026-02-05 10:24:55 [INFO] worker: Message 299 (314ms)
2026-02-05 10:25:00 [WARN] cache: Message 300 (255ms)
2026-02-05 10:25:05 [INFO] worker: Message 301 (471ms)
2026-02-05 10:25:10 [INFO] cache: Message 302 (66ms)
2026-02-05 10:25:15 [ERROR] api: Message 303 (124ms)
2026-02-05 10:25:20 [INFO] api: Message 304 (104ms)
2026-02-05 10:25:25 [INFO] db: Message 305 (202ms)
2026-02-05 10:25:30 [INFO] worker: Message 306 (131ms)
2026-02-05 10:25:35 [WARN] db: Message 307 (209ms)
2026-02-05 10:25:40 [INFO] api: Message 308 (331ms)
2026-02-05 10:25:45 [INFO] cache: Message 309 (348ms)
2026-02-05 10:25:50 [INFO] cache: Message 310 (220ms)
2026-02-05 10:25:55 [INFO] worker: Message 311 (250ms)
2026-02-05 10:26:00 [WARN] worker: Message 312 (483ms)
2026-02-05 10:26:05 [ERROR] queue: Message 313 (404ms)
2026-02-05 10:26:10 [INFO] api: Message 314 (62ms)
2026-02-05 10:26:15 [INFO] api: Message 315 (407ms)
2026-02-05 10:26:20 [ERROR] db: Message 316 (187ms)
2026-02-05 10:26:25 [INFO] db: Message 317 (376ms)
2026-02-05 10:26:30 [INFO] db: Message 318 (406ms)
2026-02-05 10:26:35 [WARN] queue: Message 319 (207ms)
2026-02-05 10:26:40 [INFO] worker: Message 320 (184ms)
2026-02-05 10:26:45 [WARN] worker: Message 321 (312ms)
2026-02-05 10:26:50 [ERROR] worker: Message 322 (153ms)
2026-02-05 10:26:55 [INFO] db: Message 323 (242ms)
2026-02-05 10:27:00 [INFO] api: Message 324 (65ms)
2026-02-05 10:27:05 [INFO] queue: Message 325 (212ms)
2026-02-05 10:27:10 [WARN] queue: Message 326 (398ms)
2026-02-05 10:27:15 [INFO] queue: Message 327 (483ms)
2026-02-05 10:27:20 [ERROR] db: Message 328 (101ms)
2026-02-05 10:27:25 [INFO] queue: Message 329 (250ms)
2026-02-05 10:27:30 [INFO] worker: Message 330 (357ms)
2026-02-05 10:27:35 [INFO] cache: Message 331 (327ms)
2026-02-05 10:27:40 [WARN] worker: Message 332 (356ms)
2026-02-05 10:27:45 [INFO] cache: Message 333 (216ms)
2026-02-05 10:27:50 [WARN] queue: Message 334 (119ms)
2026-02-05 10:27:55 [INFO] cache: Message 335 (384ms)
2026-02-05 10:28:00 [WARN] queue: Message 336 (246ms)
2026-02-05 10:28:05 [INFO] queue: Message 337 (483ms)
2026-02-05 10:28:10 [INFO] db: Message 338 (360ms)
2026-02-05 10:28:15 [INFO] api: Message 339 (116ms)
2026-02-05 10:28:20 [INFO] worker: Message 340 (229ms)
2026-02-05 10:28:25 [INFO] api: Message 341 (60ms)
2026-02-05 10:28:30 [INFO] db: Message 342 (147ms)
2026-02-05 10:28:35 [INFO] cache: Message 343 (242ms)
2026-02-05 10:28:40 [INFO] queue: Message 344 (341ms)
2026-02-05 10:28:45 [WARN] db: Message 345 (356ms)
2026-02-05 10:28:50 [WARN] db: Message 346 (290ms)
2026-02-05 10:28:55 [INFO] queue: Message 347 (237ms)
2026-02-05 10:29:00 [INFO] cache: Message 348 (244ms)
2026-02-05 10:29:05 [WARN] cache: Message 349 (135ms)
2026-02-05 10:29:10 [ERROR] worker: Message 350 (261ms)
2026-02-05 10:29:15 [INFO] cache: Message 351 (93ms)
2026-02-05 10:29:20 [INFO] db: Message 352 (354ms)
2026-02-05 10:29:25 [INFO] cache: Message 353 (337ms)
2026-02-05 10:29:30 [INFO] cache: Message 354 (203ms)
2026-02-05 10:29:35 [WARN] api: Message 355 (115ms)
2026-02-05 10:29:40 [INFO] api: Message 356 (397ms)
2026-02-05 10:29:45 [INFO] worker: Message 357 (333ms)
2026-02-05 10:29:50 [INFO] worker: Message 358 (78ms)
2026-02-05 10:29:55 [INFO] db: Message 359 (197ms)
2026-02-05 10:30:00 [INFO] api: Message 360 (365ms)
2026-02-05 10:30:05 [INFO] worker: Message 361 (111ms)
2026-02-05 10:30:10 [WARN] api: Message 362 (115ms)
2026-02-05 10:30:15 [INFO] api: Message 363 (350ms)
2026-02-05 10:30:20 [WARN] api: Message 364 (322ms)
2026-02-05 10:30:25 [INFO] cache: Message 365 (375ms)
2026-02-05 10:30:30 [WARN] cache: Message 366 (215ms)
2026-02-05 10:30:35 [INFO] cache: Message 367 (245ms)
2026-02-05 10:30:40 [INFO] api: Message 368 (494ms)
2026-02-05 10:30:45 [INFO] api: Message 369 (487ms)
2026-02-05 10:30:50 [INFO] cache: Message 370 (359ms)
2026-02-05 10:30:55 [INFO] db: Message 371 (177ms)
2026-02-05 10:31:00 [INFO] cache: Message 372 (225ms)
2026-02-05 10:31:05 [INFO] cache: Message 373 (278ms)
2026-02-05 10:31:10 [WARN] db: Message 374 (233ms)
2026-02-05 10:31:15 [INFO] db: Message 375 (349ms)
2026-02-05 10:31:20 [WARN] queue: Message 376 (253ms)
2026-02-05 10:31:25 [INFO] db: Message 377 (82ms)
2026-02-05 10:31:30 [ERROR] cache: Message 378 (176ms)
2026-02-05 10:31:35 [INFO] queue: Message 379 (111ms)
2026-02-05 10:31:40 [INFO] worker: Message 380 (334ms)
2026-02-05 10:31:45 [ERROR] cache: Message 381 (211ms)
2026-02-05 10:31:50 [INFO] worker: Message 382 (139ms)
2026-02-05 10:31:55 [WARN] api: Message 383 (467ms)
2026-02-05 10:32:00 [INFO] cache: Message 384 (184ms)
2026-02-05 10:32:05 [WARN] api: Message 385 (136ms)
2026-02-05 10:32:10 [INFO] queue: Message 386 (319ms)
2026-02-05 10:32:15 [INFO] worker: Message 387 (153ms)
2026-02-05 10:32:20 [INFO] queue: Message 388 (223ms)
2026-02-05 10:32:25 [INFO] cache: Message 389 (71ms)
2026-02-05 10:32:30 [INFO] worker: Message 390 (269ms)
2026-02-05 10:32:35 [ERROR] queue: Message 391 (162ms)
2026-02-05 10:32:40 [WARN] cache: Message 392 (258ms)
2026-02-05 10:32:45 [INFO] api: Message 393 (78ms)
2026-02-05 10:32:50 [WARN] queue: Message 394 (151ms)
2026-02-05 10:32:55 [WARN] cache: Message 395 (186ms)
2026-02-05 10:33:00 [INFO] api: Message 396 (201ms)
2026-02-05 10:33:05 [INFO] queue: Message 397 (68ms)
2026-02-05 10:33:10 [ERROR] api: Message 398 (180ms)
2026-02-05 10:33:15 [INFO] api: Message 399 (337ms)
2026-02-05 10:33:20 [INFO] cache: Message 400 (285ms)
2026-02-05 10:33:25 [WARN] cache: Message 401 (241ms)
2026-02-05 10:33:30 [INFO] api: Message 402 (362ms)
2026-02-05 10:33:35 [ERROR] queue: Message 403 (429ms)
2026-02-05 10:33:40 [INFO] queue: Message 404 (399ms)
2026-02-05 10:33:45 [INFO] db: Message 405 (426ms)
2026-02-05 10:33:50 [INFO] queue: Message 406 (166ms)
2026-02-05 10:33:55 [WARN] worker: Message 407 (421ms)
2026-02-05 10:34:00 [INFO] db: Message 408 (80ms)
2026-02-05 10:34:05 [INFO] api: Message 409 (497ms)
2026-02-05 10:34:10 [INFO] queue: Message 410 (270ms)
2026-02-05 10:34:15 [INFO] cache: Message 411 (287ms)
2026-02-05 10:34:20 [WARN] api: Message 412 (351ms)
2026-02-05 10:34:25 [INFO] worker: Message 413 (219ms)
2026-02-05 10:34:30 [INFO] queue: Message 414 (269ms)
2026-02-05 10:34:35 [INFO] api: Message 415 (148ms)
2026-02-05 10:34:40 [INFO] worker: Message 416 (425ms)
2026-02-05 10:34:45 [ERROR] cache: Message 417 (395ms)
2026-02-05 10:34:50 [WARN] cache: Message 418 (56ms)
2026-02-05 10:34:55 [WARN] worker: Message 419 (244ms)
2026-02-05 10:35:00 [WARN] cache: Message 420 (93ms)
2026-02-05 10:35:05 [INFO] cache: Message 421 (229ms)
2026-02-05 10:35:10 [INFO] cache: Message 422 (258ms)
2026-02-05 10:35:15 [INFO] worker: Message 423 (117ms)
2026-02-05 10:35:20 [INFO] worker: Message 424 (310ms)
2026-02-05 10:35:25 [INFO] db: Message 425 (183ms)
2026-02-05 10:35:30 [INFO] db: Message 426 (179ms)
2026-02-05 10:35:35 [INFO] worker: Message 427 (445ms)
2026-02-05 10:35:40 [WARN] queue: Message 428 (263ms)
2026-02-05 10:35:45 [WARN] db: Message 429 (248ms)
2026-02-05 10:35:50 [INFO] api: Message 430 (480ms)
2026-02-05 10:35:55 [INFO] cache: Message 431 (118ms)
2026-02-05 10:36:00 [WARN] queue: Message 432 (59ms)
2026-02-05 10:36:05 [WARN] worker: Message 433 (384ms)
2026-02-05 10:36:10 [INFO] queue: Message 434 (367ms)
2026-02-05 10:36:15 [INFO] db: Message 435 (203ms)
2026-02-05 10:36:20 [INFO] api: Message 436 (165ms)
2026-02-05 10:36:25 [WARN] cache: Message 437 (498ms)
2026-02-05 10:36:30 [INFO] api: Message 438 (284ms)
2026-02-05 10:36:35 [INFO] queue: Message 439 (119ms)
2026-02-05 10:36:40 [INFO] queue: Message 440 (490ms)
2026-02-05 10:36:45 [ERROR] worker: Message 441 (347ms)
2026-02-05 10:36:50 [INFO] api: Message 442 (343ms)
2026-02-05 10:36:55 [INFO] db: Message 443 (496ms)
2026-02-05 10:37:00 [WARN] queue: Message 444 (360ms)
2026-02-05 10:37:05 [INFO] db: Message 445 (320ms)
2026-02-05 10:37:10 [INFO] api: Message 446 (205ms)
2026-02-05 10:37:15 [INFO] db: Message 447 (174ms)
2026-02-05 10:37:20 [INFO] db: Message 448 (62ms)
2026-02-05 10:37:25 [ERROR] cache: Message 449 (216ms)
2026-02-05 10:37:30 [INFO] api: Message 450 (66ms)
2026-02-05 10:37:35 [INFO] api: Message 451 (388ms)
2026-02-05 10:37:40 [INFO] queue: Message 452 (377ms)
2026-02-05 10:37:45 [INFO] api: Message 453 (469ms)
2026-02-05 10:37:50 [WARN] api: Message 454 (461ms)
2026-02-05 10:37:55 [INFO] api: Message 455 (485ms)
2026-02-05 10:38:00 [WARN] queue: Message 456 (273ms)
2026-02-05 10:38:05 [WARN] worker: Message 457 (51ms)
2026-02-05 10:38:10 [INFO] api: Message 458 (397ms)
2026-02-05 10:38:15 [INFO] api: Message 459 (156ms)
2026-02-05 10:38:20 [INFO] api: Message 460 (290ms)
2026-02-05 10:38:25 [INFO] api: Message 461 (96ms)
2026-02-05 10:38:30 [INFO] queue: Message 462 (158ms)
2026-02-05 10:38:35 [ERROR] db: Message 463 (398ms)
2026-02-05 10:38:40 [ERROR] queue: Message 464 (98ms)
2026-02-05 10:38:45 [WARN] worker: Message 465 (265ms)
2026-02-05 10:38:50 [WARN] worker: Message 466 (177ms)
2026-02-05 10:38:55 [INFO] db: Message 467 (74ms)
2026-02-05 10:39:00 [INFO] worker: Message 468 (349ms)
2026-02-05 10:39:05 [INFO] db: Message 469 (73ms)
2026-02-05 10:39:10 [INFO] api: Message 470 (384ms)
2026-02-05 10:39:15 [INFO] api: Message 471 (356ms)
2026-02-05 10:39:20 [WARN] api: Message 472 (158ms)
2026-02-05 10:39:25 [INFO] queue: Message 473 (128ms)
2026-02-05 10:39:30 [WARN] queue: Message 474 (168ms)
2026-02-05 10:39:35 [INFO] api: Message 475 (176ms)
2026-02-05 10:39:40 [ERROR] queue: Message 476 (189ms)
2026-02-05 10:39:45 [INFO] queue: Message 477 (352ms)
2026-02-05 10:39:50 [INFO] db: Message 478 (69ms)
2026-02-05 10:39:55 [WARN] cache: Message 479 (276ms)
2026-02-05 10:40:00 [INFO] queue: Message 480 (352ms)
2026-02-05 10:40:05 [WARN] queue: Message 481 (301ms)
2026-02-05 10:40:10 [INFO] api: Message 482 (157ms)
2026-02-05 10:40:15 [INFO] queue: Message 483 (433ms)
2026-02-05 10:40:20 [ERROR] cache: Message 484 (266ms)
2026-02-05 10:40:25 [INFO] queue: Message 485 (301ms)
2026-02-05 10:40:30 [INFO] api: Message 486 (373ms)
2026-02-05 10:40:35 [WARN] queue: Message 487 (286ms)
2026-02-05 10:40:40 [INFO] worker: Message 488 (81ms)
2026-02-05 10:40:45 [ERROR] cache: Message 489 (256ms)
2026-02-05 10:40:50 [INFO] cache: Message 490 (346ms)
2026-02-05 10:40:55 [INFO] worker: Message 491 (88ms)
2026-02-05 10:41:00 [INFO] api: Message 492 (316ms)
2026-02-05 10:41:05 [INFO] cache: Message 493 (180ms)
2026-02-05 10:41:10 [INFO] queue: Message 494 (86ms)
2026-02-05 10:41:15 [INFO] worker: Message 495 (103ms)
2026-02-05 10:41:20 [INFO] queue: Message 496 (181ms)
2026-02-05 10:41:25 [INFO] api: Message 497 (64ms)
2026-02-05 10:41:30 [INFO] cache: Message 498 (384ms)
2026-02-05 10:41:35 [WARN] cache: Message 499 (396ms)
