2026-02-05 10:00:00 [WARN] queue: Message 0 (425ms)
2026-02-05 10:00:05 [INFO] worker: Message 1 (165ms)
2026-02-05 10:00:10 [INFO] api: Message 2 (229ms)
2026-02-05 10:00:15 [INFO] queue: Message 3 (159ms)
2026-02-05 10:00:20 [INFO] db: Message 4 (262ms)
2026-02-05 10:00:25 [INFO] queue: Message 5 (123ms)
2026-02-05 10:00:30 [INFO] api: Message 6 (61ms)
2026-02-05 10:00:35 [ERROR] db: Message 7 (487ms)
2026-02-05 10:00:40 [INFO] queue: Message 8 (223ms)
2026-02-05 10:00:45 [INFO] db: Message 9 (371ms)
2026-02-05 10:00:50 [INFO] queue: Message 10 (431ms)
2026-02-05 10:00:55 [WARN] db: Message 11 (131ms)
2026-02-05 10:01:00 [INFO] db: Message 12 (254ms)
2026-02-05 10:01:05 [ERROR] queue: Message 13 (279ms)
2026-02-05 10:01:10 [INFO] db: Message 14 (259ms)
2026-02-05 10:01:15 [INFO] queue: Message 15 (74ms)
2026-02-05 10:01:20 [INFO] api: Message 16 (482ms)
2026-02-05 10:01:25 [INFO] api: Message 17 (331ms)
2026-02-05 10:01:30 [INFO] worker: Message 18 (364ms)
2026-02-05 10:01:35 [ERROR] cache: Message 19 (87ms)
2026-02-05 10:01:40 [INFO] queue: Message 20 (342ms)
2026-02-05 10:01:45 [ERROR] cache: Message 21 (261ms)
2026-02-05 10:01:50 [ERROR] worker: Message 22 (299ms)
2026-02-05 10:01:55 [INFO] api: Message 23 (77ms)
2026-02-05 10:02:00 [INFO] worker: Message 24 (258ms)
2026-02-05 10:02:05 [INFO] cache: Message 25 (330ms)
2026-02-05 10:02:10 [INFO] cache: Message 26 (209ms)
2026-02-05 10:02:15 [INFO] worker: Message 27 (58ms)
2026-02-05 10:02:20 [INFO] db: Message 28 (235ms)
2026-02-05 10:02:25 [WARN] worker: Message 29 (263ms)
2026-02-05 10:02:30 [INFO] cache: Message 30 (197ms)
2026-02-05 10:02:35 [INFO] cache: Message 31 (316ms)
2026-02-05 10:02:40 [WARN] db: Message 32 (301ms)
2026-02-05 10:02:45 [INFO] cache: Message 33 (430ms)
2026-02-05 10:02:50 [WARN] cache: Message 34 (190ms)
2026-02-05 10:02:55 [INFO] api: Message 35 (437ms)
2026-02-05 10:03:00 [INFO] worker: Message 36 (241ms)
2026-02-05 10:03:05 [WARN] api: Message 37 (390ms)
2026-02-05 10:03:10 [WARN] db: Message 38 (222ms)
2026-02-05 10:03:15 [ERROR] worker: Message 39 (219ms)
2026-02-05 10:03:20 [INFO] queue: Message 40 (295ms)
2026-02-05 10:03:25 [WARN] queue: Message 41 (108ms)
2026-02-05 10:03:30 [WARN] cache: Message 42 (434ms)
2026-02-05 10:03:35 [INFO] api: Message 43 (367ms)
2026-02-05 10:03:40 [INFO] db: Message 44 (191ms)
2026-02-05 10:03:45 [INFO] cache: Message 45 (172ms)
2026-02-05 10:03:50 [INFO] api: Message 46 (316ms)
2026-02-05 10:03:55 [INFO] api: Message 47 (102ms)
2026-02-05 10:04:00 [INFO] queue: Message 48 (138ms)
2026-02-05 10:04:05 [ERROR] db: Message 49 (305ms)
2026-02-05 10:04:10 [INFO] cache: Message 50 (491ms)
2026-02-05 10:04:15 [INFO] db: Message 51 (429ms)
2026-02-05 10:04:20 [INFO] db: Message 52 (292ms)
2026-02-05 10:04:25 [ERROR] queue: Message 53 (179ms)
2026-02-05 10:04:30 [INFO] db: Message 54 (419ms)
2026-02-05 10:04:35 [INFO] queue: Message 55 (500ms)
2026-02-05 10:04:40 [INFO] worker: Message 56 (184ms)
2026-02-05 10:04:45 [INFO] queue: Message 57 (271ms)
2026-02-05 10:04:50 [WARN] cache: Message 58 (343ms)
2026-02-05 10:04:55 [INFO] worker: Message 59 (116ms)
2026-02-05 10:05:00 [INFO] db: Message 60 (194ms)
2026-02-05 10:05:05 [WARN] cache: Message 61 (119ms)
2026-02-05 10:05:10 [INFO] queue: Message 62 (75ms)
2026-02-05 10:05:15 [INFO] cache: Message 63 (352ms)
2026-02-05 10:05:20 [INFO] queue: Message 64 (271ms)
2026-02-05 10:05:25 [INFO] cache: Message 65 (211ms)
2026-02-05 10:05:30 [ERROR] worker: Message 66 (316ms)
2026-02-05 10:05:35 [INFO] api: Message 67 (91ms)
2026-02-05 10:05:40 [INFO] cache: Message 68 (206ms)
2026-02-05 10:05:45 [INFO] cache: Message 69 (500ms)
2026-02-05 10:05:50 [INFO] cache: Message 70 (145ms)
2026-02-05 10:05:55 [INFO] queue: Message 71 (292ms)
2026-02-05 10:06:00 [INFO] queue: Message 72 (479ms)
2026-02-05 10:06:05 [INFO] worker: Message 73 (322ms)
2026-02-05 10:06:10 [INFO] api: Message 74 (357ms)
2026-02-05 10:06:15 [INFO] worker: Message 75 (457ms)
2026-02-05 10:06:20 [INFO] cache: Message 76 (138ms)
2026-02-05 10:06:25 [INFO] cache: Message 77 (324ms)
2026-02-05 10:06:30 [INFO] api: Message 78 (489ms)
2026-02-05 10:06:35 [WARN] cache: Message 79 (155ms)
2026-02-05 10:06:40 [INFO] api: Message 80 (294ms)
2026-02-05 10:06:45 [INFO] queue: Message 81 (396ms)
2026-02-05 10:06:50 [WARN] db: Message 82 (107ms)
2026-02-05 10:06:55 [INFO] worker: Message 83 (491ms)
2026-02-05 10:07:00 [INFO] api: Message 84 (386ms)
2026-02-05 10:07:05 [WARN] queue: Message 85 (63ms)
2026-02-05 10:07:10 [INFO] queue: Message 86 (325ms)
2026-02-05 10:07:15 [INFO] api: Message 87 (224ms)
2026-02-05 10:07:20 [INFO] api: Message 88 (346ms)
2026-02-05 10:07:25 [WARN] cache: Message 89 (193ms)
2026-02-05 10:07:30 [INFO] cache: Message 90 (204ms)
2026-02-05 10:07:35 [WARN] cache: Message 91 (108ms)
2026-02-05 10:07:40 [WARN] db: Message 92 (392ms)
2026-02-05 10:07:45 [INFO] db: Message 93 (86ms)
2026-02-05 10:07:50 [INFO] cache: Message 94 (478ms)
2026-02-05 10:07:55 [WARN] cache: Message 95 (295ms)
2026-02-05 10:08:00 [ERROR] worker: Message 96 (56ms)
2026-02-05 10:08:05 [INFO] queue: Message 97 (166ms)
2026-02-05 10:08:10 [INFO] cache: Message 98 (255ms)
2026-02-05 10:08:15 [WARN] worker: Message 99 (107ms)
2026-02-05 10:08:20 [WARN] worker: Message 100 (481ms)
2026-02-05 10:08:25 [INFO] cache: Message 101 (362ms)
2026-02-05 10:08:30 [WARN] cache: Message 102 (224ms)
2026-02-05 10:08:35 [INFO] queue: Message 103 (195ms)
2026-02-05 10:08:40 [INFO] queue: Message 104 (256ms)
2026-02-05 10:08:45 [WARN] cache: Message 105 (202ms)
2026-02-05 10:08:50 [INFO] worker: Message 106 (383ms)
2026-02-05 10:08:55 [WARN] queue: Message 107 (435ms)
2026-02-05 10:09:00 [ERROR] cache: Message 108 (299ms)
2026-02-05 10:09:05 [INFO] worker: Message 109 (300ms)
2026-02-05 10:09:10 [INFO] queue: Message 110 (124ms)
2026-02-05 10:09:15 [INFO] worker: Message 111 (201ms)
2026-02-05 10:09:20 [INFO] worker: Message 112 (196ms)
2026-02-05 10:09:25 [INFO] db: Message 113 (145ms)
2026-02-05 10:09:30 [WARN] worker: Message 114 (473ms)
2026-02-05 10:09:35 [INFO] db: Message 115 (86ms)
2026-02-05 10:09:40 [INFO] api: Message 116 (181ms)
2026-02-05 10:09:45 [INFO] cache: Message 117 (490ms)
2026-02-05 10:09:50 [INFO] queue: Message 118 (324ms)
2026-02-05 10:09:55 [WARN] queue: Message 119 (102ms)
2026-02-05 10:10:00 [INFO] worker: Message 120 (307ms)
2026-02-05 10:10:05 [INFO] cache: Message 121 (153ms)
2026-02-05 10:10:10 [WARN] queue: Message 122 (242ms)
2026-02-05 10:10:15 [INFO] db: Message 123 (146ms)
2026-02-05 10:10:20 [INFO] cache: Message 124 (496ms)
2026-02-05 10:10:25 [INFO] worker: Message 125 (223ms)
2026-02-05 10:10:30 [INFO] cache: Message 126 (399ms)
2026-02-05 10:10:35 [INFO] db: Message 127 (457ms)
2026-02-05 10:10:40 [WARN] api: Message 128 (293ms)
2026-02-05 10:10:45 [INFO] worker: Message 129 (300ms)
2026-02-05 10:10:50 [INFO] worker: Message 130 (255ms)
2026-02-05 10:10:55 [WARN] queue: Message 131 (165ms)
2026-02-05 10:11:00 [INFO] db: Message 132 (354ms)
2026-02-05 10:11:05 [INFO] api: Message 133 (452ms)
2026-02-05 10:11:10 [INFO] db: Message 134 (391ms)
2026-02-05 10:11:15 [WARN] worker: Message 135 (214ms)
2026-02-05 10:11:20 [INFO] api: Message 136 (97ms)
2026-02-05 10:11:25 [WARN] queue: Message 137 (361ms)
2026-02-05 10:11:30 [INFO] db: Message 138 (492ms)
2026-02-05 10:11:35 [INFO] cache: Message 139 (413ms)
2026-02-05 10:11:40 [INFO] cache: Message 140 (195ms)
2026-02-05 10:11:45 [INFO] queue: Message 141 (476ms)
2026-02-05 10:11:50 [INFO] cache: Message 142 (309ms)
2026-02-05 10:11:55 [INFO] api: Message 143 (282ms)
2026-02-05 10:12:00 [INFO] queue: Message 144 (79ms)
2026-02-05 10:12:05 [INFO] worker: Message 145 (233ms)
2026-02-05 10:12:10 [INFO] cache: Message 146 (422ms)
2026-02-05 10:12:15 [INFO] queue: Message 147 (255ms)
2026-02-05 10:12:20 [INFO] api: Message 148 (368ms)
2026-02-05 10:12:25 [WARN] api: Message 149 (223ms)
2026-02-05 10:12:30 [INFO] worker: Message 150 (386ms)
2026-02-05 10:12:35 [INFO] db: Message 151 (432ms)
2026-02-05 10:12:40 [INFO] queue: Message 152 (233ms)
2026-02-05 10:12:45 [WARN] api: Message 153 (499ms)
2026-02-05 10:12:50 [ERROR] api: Message 154 (346ms)
2026-02-05 10:12:55 [WARN] cache: Message 155 (50ms)
2026-02-05 10:13:00 [ERROR] cache: Message 156 (201ms)
2026-02-05 10:13:05 [INFO] worker: Message 157 (351ms)
2026-02-05 10:13:10 [INFO] worker: Message 158 (221ms)
2026-02-05 10:13:15 [INFO] worker: Message 159 (412ms)
2026-02-05 10:13:20 [INFO] worker: Message 160 (281ms)
2026-02-05 10:13:25 [INFO] cache: Message 161 (266ms)
2026-02-05 10:13:30 [INFO] worker: Message 162 (147ms)
2026-02-05 10:13:35 [ERROR] db: Message 163 (485ms)
2026-02-05 10:13:40 [ERROR] queue: Message 164 (460ms)
2026-02-05 10:13:45 [INFO] cache: Message 165 (174ms)
2026-02-05 10:13:50 [INFO] worker: Message 166 (382ms)
2026-02-05 10:13:55 [INFO] api: Message 167 (144ms)
2026-02-05 10:14:00 [INFO] db: Message 168 (483ms)
2026-02-05 10:14:05 [INFO] queue: Message 169 (329ms)
2026-02-05 10:14:10 [ERROR] queue: Message 170 (113ms)
2026-02-05 10:14:15 [INFO] db: Message 171 (296ms)
2026-02-05 10:14:20 [INFO] queue: Message 172 (288ms)
2026-02-05 10:14:25 [INFO] api: Message 173 (486ms)
2026-02-05 10:14:30 [INFO] queue: Message 174 (55ms)
2026-02-05 10:14:35 [ERROR] queue: Message 175 (436ms)
2026-02-05 10:14:40 [INFO] cache: Message 176 (227ms)
2026-02-05 10:14:45 [INFO] queue: Message 177 (389ms)
2026-02-05 10:14:50 [ERROR] db: Message 178 (492ms)
2026-02-05 10:14:55 [WARN] cache: Message 179 (491ms)
2026-02-05 10:15:00 [INFO] db: Message 180 (83ms)
2026-02-05 10:15:05 [INFO] queue: Message 181 (374ms)
2026-02-05 10:15:10 [INFO] cache: Message 182 (228ms)
2026-02-05 10:15:15 [ERROR] cache: Message 183 (498ms)
2026-02-05 10:15:20 [WARN] cache: Message 184 (375ms)
2026-02-05 10:15:25 [INFO] worker: Message 185 (179ms)
2026-02-05 10:15:30 [INFO] db: Message 186 (447ms)
2026-02-05 10:15:35 [INFO] db: Message 187 (134ms)
2026-02-05 10:15:40 [ERROR] cache: Message 188 (171ms)
2026-02-05 10:15:45 [ERROR] db: Message 189 (212ms)
2026-02-05 10:15:50 [INFO] db: Message 190 (81ms)
2026-02-05 10:15:55 [INFO] worker: Message 191 (442ms)
2026-02-05 10:16:00 [INFO] api: Message 192 (168ms)
2026-02-05 10:16:05 [WARN] cache: Message 193 (312ms)
2026-02-05 10:16:10 [INFO] worker: Message 194 (213ms)
2026-02-05 10:16:15 [INFO] api: Message 195 (381ms)
2026-02-05 10:16:20 [WARN] cache: Message 196 (250ms)
2026-02-05 10:16:25 [INFO] queue: Message 197 (300ms)
2026-02-05 10:16:30 [WARN] queue: Message 198 (387ms)
2026-02-05 10:16:35 [INFO] worker: Message 199 (199ms)
2026-02-05 10:16:40 [INFO] queue: Message 200 (455ms)
2026-02-05 10:16:45 [WARN] cache: Message 201 (74ms)
2026-02-05 10:16:50 [INFO] worker: Message 202 (201ms)
2026-02-05 10:16:55 [ERROR] db: Message 203 (471ms)
2026-02-05 10:17:00 [INFO] queue: Message 204 (421ms)
2026-02-05 10:17:05 [INFO] queue: Message 205 (419ms)
2026-02-05 10:17:10 [INFO] queue: Message 206 (174ms)
2026-02-05 10:17:15 [ERROR] worker: Message 207 (334ms)
2026-02-05 10:17:20 [INFO] db: Message 208 (394ms)
2026-02-05 10:17:25 [INFO] worker: Message 209 (120ms)
2026-02-05 10:17:30 [INFO] queue: Message 210 (447ms)
2026-02-05 10:17:35 [WARN] cache: Message 211 (423ms)
2026-02-05 10:17:40 [INFO] api: Message 212 (232ms)
2026-02-05 10:17:45 [INFO] worker: Message 213 (95ms)
2026-02-05 10:17:50 [INFO] db: Message 214 (280ms)
2026-02-05 10:17:55 [ERROR] queue: Message 215 (450ms)
2026-02-05 10:18:00 [INFO] worker: Message 216 (252ms)
2026-02-05 10:18:05 [INFO] cache: Message 217 (419ms)
2026-02-05 10:18:10 [INFO] cache: Message 218 (60ms)
2026-02-05 10:18:15 [INFO] api: Message 219 (106ms)
2026-02-05 10:18:20 [INFO] queue: Message 220 (386ms)
2026-02-05 10:18:25 [INFO] cache: Message 221 (175ms)
2026-02-05 10:18:30 [INFO] db: Message 222 (253ms)
2026-02-05 10:18:35 [INFO] db: Message 223 (393ms)
2026-02-05 10:18:40 [INFO] queue: Message 224 (140ms)
2026-02-05 10:18:45 [INFO] queue: Message 225 (197ms)
2026-02-05 10:18:50 [INFO] worker: Message 226 (490ms)
2026-02-05 10:18:55 [INFO] db: Message 227 (78ms)
2026-02-05 10:19:00 [WARN] db: Message 228 (290ms)
2026-02-05 10:19:05 [INFO] db: Message 229 (217ms)
2026-02-05 10:19:10 [WARN] db: Message 230 (70ms)
2026-02-05 10:19:15 [WARN] queue: Message 231 (496ms)
2026-02-05 10:19:20 [INFO] queue: Message 232 (485ms)
2026-02-05 10:19:25 [INFO] cache: Message 233 (118ms)
2026-02-05 10:19:30 [INFO] worker: Message 234 (349ms)
2026-02-05 10:19:35 [INFO] db: Message 235 (261ms)
2026-02-05 10:19:40 [INFO] db: Message 236 (133ms)
2026-02-05 10:19:45 [WARN] worker: Message 237 (434ms)
2026-02-05 10:19:50 [INFO] worker: Message 238 (254ms)
2026-02-05 10:19:55 [INFO] worker: Message 239 (98ms)
2026-02-05 10:20:00 [INFO] api: Message 240 (106ms)
2026-02-05 10:20:05 [INFO] cache: Message 241 (407ms)
2026-02-05 10:20:10 [WARN] db: Message 242 (230ms)
2026-02-05 10:20:15 [INFO] db: Message 243 (162ms)
2026-02-05 10:20:20 [INFO] queue: Message 244 (449ms)
2026-02-05 10:20:25 [WARN] db: Message 245 (67ms)
2026-02-05 10:20:30 [INFO] worker: Message 246 (198ms)
2026-02-05 10:20:35 [INFO] api: Message 247 (153ms)
2026-02-05 10:20:40 [INFO] worker: Message 248 (328ms)
2026-02-05 10:20:45 [INFO] worker: Message 249 (462ms)
2026-02-05 10:20:50 [INFO] queue: Message 250 (319ms)
2026-02-05 10:20:55 [WARN] worker: Message 251 (320ms)
2026-02-05 10:21:00 [INFO] cache: Message 252 (144ms)
2026-02-05 10:21:05 [WARN] queue: Message 253 (137ms)
2026-02-05 10:21:10 [INFO] queue: Message 254 (295ms)
2026-02-05 10:21:15 [INFO] api: Message 255 (245ms)
2026-02-05 10:21:20 [WARN] worker: Message 256 (69ms)
2026-02-05 10:21:25 [INFO] db: Message 257 (397ms)
2026-02-05 10:21:30 [INFO] queue: Message 258 (74ms)
2026-02-05 10:21:35 [WARN] cache: Message 259 (64ms)
2026-02-05 10:21:40 [INFO] queue: Message 260 (439ms)
2026-02-05 10:21:45 [INFO] api: Message 261 (478ms)
2026-02-05 10:21:50 [WARN] cache: Message 262 (364ms)
2026-02-05 10:21:55 [INFO] api: Message 263 (224ms)
2026-02-05 10:22:00 [INFO] queue: Message 264 (348ms)
2026-02-05 10:22:05 [INFO] cache: Message 265 (161ms)
2026-02-05 10:22:10 [INFO] api: Message 266 (154ms)
2026-02-05 10:22:15 [INFO] cache: Message 267 (303ms)
2026-02-05 10:22:20 [WARN] db: Message 268 (79ms)
2026-02-05 10:22:25 [INFO] db: Message 269 (359ms)
2026-02-05 10:22:30 [INFO] cache: Message 270 (287ms)
2026-02-05 10:22:35 [ERROR] api: Message 271 (154ms)
2026-02-05 10:22:40 [INFO] db: Message 272 (74ms)
2026-02-05 10:22:45 [INFO] db: Message 273 (125ms)
2026-02-05 10:22:50 [INFO] cache: Message 274 (232ms)
2026-02-05 10:22:55 [INFO] cache: Message 275 (375ms)
2026-02-05 10:23:00 [WARN] worker: Message 276 (467ms)
2026-02-05 10:23:05 [INFO] api: Message 277 (208ms)
2026-02-05 10:23:10 [WARN] queue: Message 278 (232ms)
2026-02-05 10:23:15 [INFO] db: Message 279 (165ms)
2026-02-05 10:23:20 [WARN] api: Message 280 (454ms)
2026-02-05 10:23:25 [INFO] cache: Message 281 (266ms)
2026-02-05 10:23:30 [WARN] worker: Message 282 (369ms)
2026-02-05 10:23:35 [ERROR] queue: Message 283 (65ms)
2026-02-05 10:23:40 [INFO] db: Message 284 (340ms)
2026-02-05 10:23:45 [INFO] db: Message 285 (300ms)
2026-02-05 10:23:50 [INFO] api: Message 286 (314ms)
2026-02-05 10:23:55 [INFO] worker: Message 287 (273ms)
2026-02-05 10:24:00 [WARN] db: Message 288 (256ms)
2026-02-05 10:24:05 [INFO] queue: Message 289 (351ms)
2026-02-05 10:24:10 [INFO] worker: Message 290 (471ms)
2026-02-05 10:24:15 [WARN] cache: Message 291 (87ms)
2026-02-05 10:24:20 [INFO] worker: Message 292 (199ms)
2026-02-05 10:24:25 [INFO] db: Message 293 (458ms)
2026-02-05 10:24:30 [INFO] api: Message 294 (88ms)
2026-02-05 10:24:35 [INFO] worker: Message 295 (356ms)
2026-02-05 10:24:40 [ERROR] db: Message 296 (186ms)
2026-02-05 10:24:45 [INFO] db: Message 297 (471ms)
2026-02-05 10:24:50 [WARN] db: Message 298 (168ms)
2026-02-05 10:24:55 [INFO] cache: Message 299 (301ms)
2026-02-05 10:25:00 [WARN] cache: Message 300 (352ms)
2026-02-05 10:25:05 [INFO] worker: Message 301 (59ms)
2026-02-05 10:25:10 [WARN] cache: Message 302 (346ms)
2026-02-05 10:25:15 [WARN] api: Message 303 (444ms)
2026-02-05 10:25:20 [INFO] cache: Message 304 (182ms)
2026-02-05 10:25:25 [INFO] queue: Message 305 (71ms)
2026-02-05 10:25:30 [INFO] worker: Message 306 (464ms)
2026-02-05 10:25:35 [ERROR] queue: Message 307 (165ms)
2026-02-05 10:25:40 [WARN] db: Message 308 (214ms)
2026-02-05 10:25:45 [INFO] queue: Message 309 (102ms)
2026-02-05 10:25:50 [INFO] worker: Message 310 (451ms)
2026-02-05 10:25:55 [WARN] queue: Message 311 (103ms)
2026-02-05 10:26:00 [INFO] queue: Message 312 (362ms)
2026-02-05 10:26:05 [INFO] cache: Message 313 (180ms)
2026-02-05 10:26:10 [INFO] queue: Message 314 (281ms)
2026-02-05 10:26:15 [INFO] worker: Message 315 (128ms)
2026-02-05 10:26:20 [INFO] cache: Message 316 (254ms)
2026-02-05 10:26:25 [INFO] queue: Message 317 (321ms)
2026-02-05 10:26:30 [INFO] worker: Message 318 (288ms)
2026-02-05 10:26:35 [INFO] api: Message 319 (262ms)
2026-02-05 10:26:40 [INFO] queue: Message 320 (490ms)
2026-02-05 10:26:45 [INFO] db: Message 321 (125ms)
2026-02-05 10:26:50 [WARN] db: Message 322 (459ms)
2026-02-05 10:26:55 [ERROR] db: Message 323 (209ms)
2026-02-05 10:27:00 [INFO] api: Message 324 (195ms)
2026-02-05 10:27:05 [INFO] db: Message 325 (375ms)
2026-02-05 10:27:10 [INFO] db: Message 326 (58ms)
2026-02-05 10:27:15 [INFO] db: Message 327 (433ms)
2026-02-05 10:27:20 [INFO] queue: Message 328 (470ms)
2026-02-05 10:27:25 [ERROR] db: Message 329 (386ms)
2026-02-05 10:27:30 [INFO] worker: Message 330 (86ms)
2026-02-05 10:27:35 [INFO] db: Message 331 (145ms)
2026-02-05 10:27:40 [WARN] db: Message 332 (453ms)
2026-02-05 10:27:45 [INFO] worker: Message 333 (336ms)
2026-02-05 10:27:50 [WARN] cache: Message 334 (55ms)
2026-02-05 10:27:55 [INFO] db: Message 335 (473ms)
2026-02-05 10:28:00 [INFO] cache: Message 336 (172ms)
2026-02-05 10:28:05 [INFO] worker: Message 337 (193ms)
2026-02-05 10:28:10 [INFO] worker: Message 338 (139ms)
2026-02-05 10:28:15 [INFO] worker: Message 339 (397ms)
2026-02-05 10:28:20 [WARN] worker: Message 340 (102ms)
2026-02-05 10:28:25 [WARN] queue: Message 341 (467ms)
2026-02-05 10:28:30 [ERROR] db: Message 342 (188ms)
2026-02-05 10:28:35 [INFO] db: Message 343 (335ms)
2026-02-05 10:28:40 [INFO] cache: Message 344 (277ms)
2026-02-05 10:28:45 [WARN] cache: Message 345 (476ms)
2026-02-05 10:28:50 [INFO] cache: Message 346 (353ms)
2026-02-05 10:28:55 [INFO] worker: Message 347 (367ms)
2026-02-05 10:29:00 [INFO] api: Message 348 (57ms)
2026-02-05 10:29:05 [ERROR] queue: Message 349 (197ms)
2026-02-05 10:29:10 [INFO] queue: Message 350 (188ms)
2026-02-05 10:29:15 [WARN] cache: Message 351 (317ms)
2026-02-05 10:29:20 [INFO] db: Message 352 (316ms)
2026-02-05 10:29:25 [INFO] db: Message 353 (155ms)
2026-02-05 10:29:30 [INFO] api: Message 354 (343ms)
2026-02-05 10:29:35 [INFO] queue: Message 355 (431ms)
2026-02-05 10:29:40 [INFO] cache: Message 356 (475ms)
2026-02-05 10:29:45 [INFO] worker: Message 357 (352ms)
2026-02-05 10:29:50 [WARN] cache: Message 358 (97ms)
2026-02-05 10:29:55 [ERROR] db: Message 359 (235ms)
2026-02-05 10:30:00 [INFO] queue: Message 360 (214ms)
2026-02-05 10:30:05 [INFO] queue: Message 361 (381ms)
2026-02-05 10:30:10 [INFO] worker: Message 362 (128ms)
2026-02-05 10:30:15 [ERROR] cache: Message 363 (255ms)
2026-02-05 10:30:20 [ERROR] worker: Message 364 (78ms)
2026-02-05 10:30:25 [INFO] api: Message 365 (55ms)
2026-02-05 10:30:30 [INFO] api: Message 366 (240ms)
2026-02-05 10:30:35 [INFO] queue: Message 367 (73ms)
2026-02-05 10:30:40 [INFO] queue: Message 368 (195ms)
2026-02-05 10:30:45 [INFO] worker: Message 369 (405ms)
2026-02-05 10:30:50 [INFO] worker: Message 370 (318ms)
2026-02-05 10:30:55 [ERROR] cache: Message 371 (393ms)
2026-02-05 10:31:00 [WARN] worker: Message 372 (261ms)
2026-02-05 10:31:05 [INFO] cache: Message 373 (150ms)
2026-02-05 10:31:10 [INFO] api: Message 374 (369ms)
2026-02-05 10:31:15 [INFO] api: Message 375 (436ms)
2026-02-05 10:31:20 [INFO] api: Message 376 (433ms)
2026-02-05 10:31:25 [WARN] cache: Message 377 (258ms)
2026-02-05 10:31:30 [WARN] queue: Message 378 (242ms)
2026-02-05 10:31:35 [INFO] worker: Message 379 (219ms)
2026-02-05 10:31:40 [INFO] api: Message 380 (245ms)
2026-02-05 10:31:45 [INFO] cache: Message 381 (362ms)
2026-02-05 10:31:50 [INFO] queue: Message 382 (474ms)
2026-02-05 10:31:55 [INFO] cache: Message 383 (173ms)
2026-02-05 10:32:00 [WARN] queue: Message 384 (155ms)
2026-02-05 10:32:05 [INFO] db: Message 385 (255ms)
2026-02-05 10:32:10 [INFO] queue: Message 386 (362ms)
2026-02-05 10:32:15 [INFO] worker: Message 387 (258ms)
2026-02-05 10:32:20 [INFO] db: Message 388 (382ms)
2026-02-05 10:32:25 [INFO] db: Message 389 (187ms)
2026-02-05 10:32:30 [INFO] db: Message 390 (487ms)
2026-02-05 10:32:35 [INFO] db: Message 391 (297ms)
2026-02-05 10:32:40 [WARN] db: Message 392 (119ms)
2026-02-05 10:32:45 [INFO] cache: Message 393 (387ms)
2026-02-05 10:32:50 [INFO] worker: Message 394 (370ms)
2026-02-05 10:32:55 [WARN] api: Message 395 (414ms)
2026-02-05 10:33:00 [INFO] db: Message 396 (302ms)
2026-02-05 10:33:05 [INFO] worker: Message 397 (304ms)
2026-02-05 10:33:10 [WARN] api: Message 398 (268ms)
2026-02-05 10:33:15 [ERROR] cache: Message 399 (207ms)
2026-02-05 10:33:20 [WARN] db: Message 400 (465ms)
2026-02-05 10:33:25 [INFO] db: Message 401 (279ms)
2026-02-05 10:33:30 [WARN] api: Message 402 (418ms)
2026-02-05 10:33:35 [INFO] db: Message 403 (287ms)
2026-02-05 10:33:40 [INFO] worker: Message 404 (489ms)
2026-02-05 10:33:45 [INFO] queue: Message 405 (305ms)
2026-02-05 10:33:50 [WARN] db: Message 406 (412ms)
2026-02-05 10:33:55 [INFO] db: Message 407 (177ms)
2026-02-05 10:34:00 [INFO] worker: Message 408 (257ms)
2026-02-05 10:34:05 [INFO] queue: Message 409 (426ms)
2026-02-05 10:34:10 [INFO] api: Message 410 (449ms)
2026-02-05 10:34:15 [ERROR] cache: Message 411 (192ms)
2026-02-05 10:34:20 [INFO] worker: Message 412 (387ms)
2026-02-05 10:34:25 [INFO] cache: Message 413 (270ms)
2026-02-05 10:34:30 [INFO] api: Message 414 (386ms)
2026-02-05 10:34:35 [INFO] api: Message 415 (386ms)
2026-02-05 10:34:40 [INFO] cache: Message 416 (254ms)
2026-02-05 10:34:45 [INFO] api: Message 417 (388ms)
2026-02-05 10:34:50 [INFO] worker: Message 418 (108ms)
2026-02-05 10:34:55 [ERROR] cache: Message 419 (400ms)
2026-02-05 10:35:00 [INFO] queue: Message 420 (213ms)
2026-02-05 10:35:05 [INFO] queue: Message 421 (265ms)
2026-02-05 10:35:10 [ERROR] worker: Message 422 (255ms)
2026-02-05 10:35:15 [INFO] worker: Message 423 (298ms)
2026-02-05 10:35:20 [WARN] queue: Message 424 (267ms)
2026-02-05 10:35:25 [WARN] worker: Message 425 (222ms)
2026-02-05 10:35:30 [INFO] db: Message 426 (293ms)
2026-02-05 10:35:35 [ERROR] worker: Message 427 (379ms)
2026-02-05 10:35:40 [ERROR] api: Message 428 (390ms)
2026-02-05 10:35:45 [INFO] api: Message 429 (412ms)
2026-02-05 10:35:50 [INFO] queue: Message 430 (158ms)
2026-02-05 10:35:55 [INFO] queue: Message 431 (91ms)
2026-02-05 10:36:00 [INFO] cache: Message 432 (146ms)
2026-02-05 10:36:05 [INFO] api: Message 433 (105ms)
2026-02-05 10:36:10 [WARN] db: Message 434 (58ms)
2026-02-05 10:36:15 [WARN] worker: Message 435 (235ms)
2026-02-05 10:36:20 [WARN] api: Message 436 (342ms)
2026-02-05 10:36:25 [INFO] db: Message 437 (493ms)
2026-02-05 10:36:30 [WARN] cache: Message 438 (320ms)
2026-02-05 10:36:35 [INFO] worker: Message 439 (289ms)
2026-02-05 10:36:40 [INFO] queue: Message 440 (470ms)
2026-02-05 10:36:45 [INFO] db: Message 441 (71ms)
2026-02-05 10:36:50 [INFO] cache: Message 442 (279ms)
2026-02-05 10:36:55 [INFO] api: Message 443 (370ms)
2026-02-05 10:37:00 [INFO] db: Message 444 (486ms)
2026-02-05 10:37:05 [ERROR] cache: Message 445 (349ms)
2026-02-05 10:37:10 [INFO] queue: Message 446 (454ms)
2026-02-05 10:37:15 [ERROR] cache: Message 447 (263ms)
2026-02-05 10:37:20 [INFO] cache: Message 448 (408ms)
2026-02-05 10:37:25 [INFO] api: Message 449 (313ms)
2026-02-05 10:37:30 [INFO] db: Message 450 (259ms)
2026-02-05 10:37:35 [INFO] queue: Message 451 (74ms)
2026-02-05 10:37:40 [INFO] db: Message 452 (356ms)
2026-02-05 10:37:45 [INFO] cache: Message 453 (100ms)
2026-02-05 10:37:50 [INFO] worker: Message 454 (318ms)
2026-02-05 10:37:55 [INFO] api: Message 455 (491ms)
2026-02-05 10:38:00 [INFO] cache: Message 456 (271ms)
2026-02-05 10:38:05 [INFO] cache: Message 457 (105ms)
2026-02-05 10:38:10 [WARN] api: Message 458 (436ms)
2026-02-05 10:38:15 [INFO] api: Message 459 (165ms)
2026-02-05 10:38:20 [INFO] api: Message 460 (246ms)
2026-02-05 10:38:25 [WARN] db: Message 461 (90ms)
2026-02-05 10:38:30 [WARN] worker: Message 462 (298ms)
2026-02-05 10:38:35 [WARN] api: Message 463 (201ms)
2026-02-05 10:38:40 [INFO] db: Message 464 (90ms)
2026-02-05 10:38:45 [INFO] worker: Message 465 (440ms)
2026-02-05 10:38:50 [INFO] queue: Message 466 (61ms)
2026-02-05 10:38:55 [INFO] cache: Message 467 (264ms)
2026-02-05 10:39:00 [INFO] api: Message 468 (314ms)
2026-02-05 10:39:05 [WARN] cache: Message 469 (258ms)
2026-02-05 10:39:10 [INFO] worker: Message 470 (266ms)
2026-02-05 10:39:15 [WARN] cache: Message 471 (218ms)
2026-02-05 10:39:20 [WARN] queue: Message 472 (397ms)
2026-02-05 10:39:25 [WARN] cache: Message 473 (115ms)
2026-02-05 10:39:30 [INFO] cache: Message 474 (456ms)
2026-02-05 10:39:35 [INFO] api: Message 475 (402ms)
2026-02-05 10:39:40 [INFO] cache: Message 476 (326ms)
2026-02-05 10:39:45 [INFO] queue: Message 477 (293ms)
2026-02-05 10:39:50 [INFO] cache: Message 478 (329ms)
2026-02-05 10:39:55 [INFO] cache: Message 479 (282ms)
2026-02-05 10:40:00 [INFO] queue: Message 480 (380ms)
2026-02-05 10:40:05 [INFO] queue: Message 481 (272ms)
2026-02-05 10:40:10 [ERROR] db: Message 482 (90ms)
2026-02-05 10:40:15 [WARN] db: Message 483 (348ms)
2026-02-05 10:40:20 [INFO] worker: Message 484 (328ms)
2026-02-05 10:40:25 [INFO] api: Message 485 (150ms)
2026-02-05 10:40:30 [INFO] cache: Message 486 (372ms)
2026-02-05 10:40:35 [INFO] queue: Message 487 (160ms)
2026-02-05 10:40:40 [INFO] cache: Message 488 (296ms)
2026-02-05 10:40:45 [INFO] worker: Message 489 (378ms)
2026-02-05 10:40:50 [INFO] cache: Message 490 (456ms)
2026-02-05 10:40:55 [WARN] api: Message 491 (294ms)
2026-02-05 10:41:00 [INFO] cache: Message 492 (416ms)
2026-02-05 10:41:05 [ERROR] worker: Message 493 (369ms)
2026-02-05 10:41:10 [INFO] db: Message 494 (92ms)
2026-02-05 10:41:15 [INFO] worker: Message 495 (276ms)
2026-02-05 10:41:20 [INFO] cache: Message 496 (150ms)
2026-02-05 10:41:25 [WARN] queue: Message 497 (417ms)
2026-02-05 10:41:30 [INFO] cache: Message 498 (167ms)
2026-02-05 10:41:35 [INFO] cache: Message 499 (118ms)
